******************************************************************************
                  TI ARM Linker PC v16.9.3                     
******************************************************************************
>> Linked Thu Dec 07 09:37:28 2017

OUTPUT FILE NAME:   <battlebot_controller_henault_charles_fu.out>
ENTRY POINT SYMBOL: "_c_int00"  address: 0000161d


MEMORY CONFIGURATION

         name            origin    length      used     unused   attr    fill
----------------------  --------  ---------  --------  --------  ----  --------
  MAIN                  00000000   00040000  000017b0  0003e850  R  X
  INFO                  00200000   00004000  00000000  00004000  R  X
  SRAM_CODE             01000000   00010000  00000649  0000f9b7  RW X
  SRAM_DATA             20000000   00010000  00000649  0000f9b7  RW  


SEGMENT ALLOCATION MAP

run origin  load origin   length   init length attrs members
----------  ----------- ---------- ----------- ----- -------
00000000    00000000    000017b0   000017b0    r-x
  00000000    00000000    000000e4   000000e4    r-- .intvecs
  000000e4    000000e4    00001684   00001684    r-x .text
  00001768    00001768    00000048   00000048    r-- .cinit
20000000    20000000    00000449   00000000    rw-
  20000000    20000000    00000400   00000000    rw- .sysmem
  20000400    20000400    00000034   00000000    rw- .data
  20000434    20000434    00000015   00000000    rw- .bss
2000fe00    2000fe00    00000200   00000000    rw-
  2000fe00    2000fe00    00000200   00000000    rw- .stack


SECTION ALLOCATION MAP

 output                                  attributes/
section   page    origin      length       input sections
--------  ----  ----------  ----------   ----------------
.intvecs   0    00000000    000000e4     
                  00000000    000000e4     startup_msp432p401r_ccs.obj (.intvecs:retain)

.binit     0    00000000    00000000     

.text      0    000000e4    00001684     
                  000000e4    000003d8     uart.obj (.text)
                  000004bc    000003d0     rtsv7M4_T_le_v4SPD16_eabi.lib : memory.obj (.text)
                  0000088c    0000032c     system_msp432p401r.obj (.text)
                  00000bb8    00000296     circbuf.obj (.text)
                  00000e4e    00000002     rtsv7M4_T_le_v4SPD16_eabi.lib : mpu_init.obj (.text)
                  00000e50    000001f0     port.obj (.text)
                  00001040    000001cc     adc.obj (.text)
                  0000120c    00000130     timer.obj (.text)
                  0000133c    000000f0     main.obj (.text)
                  0000142c    0000009c     rtsv7M4_T_le_v4SPD16_eabi.lib : memcpy_t2.obj (.text)
                  000014c8    0000007a                                   : memset_t2.obj (.text)
                  00001542    00000002                                   : startup.obj (.text)
                  00001544    00000070                                   : autoinit.obj (.text)
                  000015b4    00000068                                   : copy_decompress_lzss.obj (.text:decompress:lzss)
                  0000161c    00000054                                   : boot.obj (.text)
                  00001670    00000054                                   : exit.obj (.text)
                  000016c4    0000004c                                   : cpy_tbl.obj (.text)
                  00001710    00000018                                   : args_main.obj (.text)
                  00001728    00000014                                   : _lock.obj (.text)
                  0000173c    0000000e                                   : copy_decompress_none.obj (.text:decompress:none)
                  0000174a    0000000e     startup_msp432p401r_ccs.obj (.text)
                  00001758    0000000c     rtsv7M4_T_le_v4SPD16_eabi.lib : copy_zero_init.obj (.text:decompress:ZI)
                  00001764    00000004                                   : pre_init.obj (.text)

.cinit     0    00001768    00000048     
                  00001768    00000022     (.cinit..data.load) [load image, compression = lzss]
                  0000178a    00000002     --HOLE-- [fill = 0]
                  0000178c    0000000c     (__TI_handler_table)
                  00001798    00000008     (.cinit..bss.load) [load image, compression = zero_init]
                  000017a0    00000010     (__TI_cinit_table)

.init_array 
*          0    00000000    00000000     UNINITIALIZED

.sysmem    0    20000000    00000400     UNINITIALIZED
                  20000000    00000008     rtsv7M4_T_le_v4SPD16_eabi.lib : memory.obj (.sysmem)
                  20000008    000003f8     --HOLE--

.data      0    20000400    00000034     UNINITIALIZED
                  20000400    0000000c     rtsv7M4_T_le_v4SPD16_eabi.lib : exit.obj (.data:$O1$$)
                  2000040c    0000000c                                   : memory.obj (.data:$O1$$)
                  20000418    00000008                                   : _lock.obj (.data:$O1$$)
                  20000420    00000007     main.obj (.data)
                  20000427    00000001     --HOLE--
                  20000428    00000004     adc.obj (.data)
                  2000042c    00000004     rtsv7M4_T_le_v4SPD16_eabi.lib : stkdepth_vars.obj (.data)
                  20000430    00000004     system_msp432p401r.obj (.data)

.bss       0    20000434    00000015     UNINITIALIZED
                  20000434    00000014     (.common:Ranged_Controls)
                  20000448    00000001     (.common:command)

.stack     0    2000fe00    00000200     UNINITIALIZED
                  2000fe00    00000200     --HOLE--

MODULE SUMMARY

       Module                        code   ro data   rw data
       ------                        ----   -------   -------
    .\
       uart.obj                      984    0         2      
       system_msp432p401r.obj        812    0         8      
       circbuf.obj                   662    0         0      
       port.obj                      496    0         0      
       adc.obj                       460    0         8      
       timer.obj                     304    0         0      
       main.obj                      240    0         54     
       startup_msp432p401r_ccs.obj   14     228       0      
    +--+-----------------------------+------+---------+---------+
       Total:                        3972   228       72     
                                                             
    F:\ti\ccsv7\tools\compiler\ti-cgt-arm_16.9.3.LTS\lib\rtsv7M4_T_le_v4SPD16_eabi.lib
       memory.obj                    976    0         24     
       memcpy_t2.obj                 156    0         0      
       memset_t2.obj                 122    0         0      
       autoinit.obj                  112    0         0      
       exit.obj                      84     0         24     
       copy_decompress_lzss.obj      104    0         0      
       boot.obj                      84     0         0      
       cpy_tbl.obj                   76     0         0      
       _lock.obj                     20     0         16     
       args_main.obj                 24     0         0      
       copy_decompress_none.obj      14     0         0      
       copy_zero_init.obj            12     0         0      
       stkdepth_vars.obj             0      0         8      
       pre_init.obj                  4      0         0      
       mpu_init.obj                  2      0         0      
       startup.obj                   2      0         0      
    +--+-----------------------------+------+---------+---------+
       Total:                        1792   0         72     
                                                             
       Heap:                         0      0         2048   
       Stack:                        0      0         1024   
       Linker Generated:             0      70        0      
    +--+-----------------------------+------+---------+---------+
       Grand Total:                  5764   298       3216   


LINKER GENERATED COPY TABLES

__TI_cinit_table @ 000017a0 records: 2, size/record: 8, table size: 16
	.data: load addr=00001768, load size=00000022 bytes, run addr=20000400, run size=00000034 bytes, compression=lzss
	.bss: load addr=00001798, load size=00000008 bytes, run addr=20000434, run size=00000015 bytes, compression=zero_init


LINKER GENERATED HANDLER TABLE

__TI_handler_table @ 0000178c records: 3, size/record: 4, table size: 12
	index: 0, handler: __TI_decompress_lzss
	index: 1, handler: __TI_decompress_none
	index: 2, handler: __TI_zero_init


GLOBAL SYMBOLS: SORTED ALPHABETICALLY BY Name 

address   name                           
-------   ----                           
00001103  ADC14_IRQHandler               
00001103  ADC14_IRQHandler               
00001757  AES256_IRQHandler              
0000045d  Bluetooth_send_byte            
00000425  Bluetooth_send_n               
00001757  BusFault_Handler               
00001671  C$$EXIT                        
00000cf5  CB_add_item_to_buffer          
00000c1f  CB_clear_buffer                
00000dd7  CB_copy_buffer                 
00000c85  CB_delete_buffer               
00000bb9  CB_initialize_buffer           
00000cd7  CB_is_buffer_empty             
00000cb3  CB_is_buffer_full              
00000d5f  CB_remove_item_from_buffer     
00001757  COMP_E0_IRQHandler             
00001757  COMP_E1_IRQHandler             
00001757  CS_IRQHandler                  
00001757  DMA_ERR_IRQHandler             
00001757  DMA_INT0_IRQHandler            
00001757  DMA_INT1_IRQHandler            
00001757  DMA_INT2_IRQHandler            
00001757  DMA_INT3_IRQHandler            
00001757  DebugMon_Handler               
00001757  Default_Handler                
000001d9  EUSCIA0_IRQHandler             
000001d9  EUSCIA0_IRQHandler             
00001757  EUSCIA1_IRQHandler             
0000035b  EUSCIA2_IRQHandler             
0000035b  EUSCIA2_IRQHandler             
00001757  EUSCIA3_IRQHandler             
00001757  EUSCIB0_IRQHandler             
00001757  EUSCIB1_IRQHandler             
00001757  EUSCIB2_IRQHandler             
00001757  EUSCIB3_IRQHandler             
00001757  FLCTL_IRQHandler               
00001757  FPU_IRQHandler                 
00001757  HardFault_Handler              
00001757  MemManage_Handler              
00001757  NMI_Handler                    
00001757  PCM_IRQHandler                 
00001757  PORT1_IRQHandler               
00001757  PORT2_IRQHandler               
00000fa5  PORT3_IRQHandler               
00000fa5  PORT3_IRQHandler               
00001757  PORT4_IRQHandler               
00000fbb  PORT5_IRQHandler               
00000fbb  PORT5_IRQHandler               
00001757  PORT6_IRQHandler               
00001757  PSS_IRQHandler                 
00001757  PendSV_Handler                 
00001757  RTC_C_IRQHandler               
20000420  Ranged                         
20000434  Ranged_Controls                
0000174b  Reset_Handler                  
UNDEFED   SHT$$INIT_ARRAY$$Base          
UNDEFED   SHT$$INIT_ARRAY$$Limit         
00001757  SVC_Handler                    
00001757  SysTick_Handler                
20000430  SystemCoreClock                
0000088d  SystemCoreClockUpdate          
00000b01  SystemInit                     
00001757  T32_INT1_IRQHandler            
00001757  T32_INT2_IRQHandler            
00001757  T32_INTC_IRQHandler            
000012b7  TA0_0_IRQHandler               
000012b7  TA0_0_IRQHandler               
00001757  TA0_N_IRQHandler               
00001757  TA1_0_IRQHandler               
00001757  TA1_N_IRQHandler               
00001757  TA2_0_IRQHandler               
00001757  TA2_N_IRQHandler               
00001757  TA3_0_IRQHandler               
00001757  TA3_N_IRQHandler               
00000401  Terminal_send_byte             
000003d1  Terminal_send_n                
00001757  UsageFault_Handler             
4000480c  WDTCTL_SYM                     
00001757  WDT_A_IRQHandler               
20010000  __STACK_END                    
00000200  __STACK_SIZE                   
00000400  __SYSMEM_SIZE                  
000017a0  __TI_CINIT_Base                
000017b0  __TI_CINIT_Limit               
0000178c  __TI_Handler_Table_Base        
00001798  __TI_Handler_Table_Limit       
00001545  __TI_auto_init                 
20000400  __TI_cleanup_ptr               
000015b5  __TI_decompress_lzss           
0000173d  __TI_decompress_none           
20000404  __TI_dtors_ptr                 
20000408  __TI_enable_exit_profile_output
ffffffff  __TI_pprof_out_hndl            
ffffffff  __TI_prof_data_size            
ffffffff  __TI_prof_data_start           
00000000  __TI_static_base__             
00001759  __TI_zero_init                 
000014c9  __aeabi_memclr                 
000014c9  __aeabi_memclr4                
000014c9  __aeabi_memclr8                
0000142d  __aeabi_memcpy                 
0000142d  __aeabi_memcpy4                
0000142d  __aeabi_memcpy8                
000014cb  __aeabi_memset                 
000014cb  __aeabi_memset4                
000014cb  __aeabi_memset8                
ffffffff  __binit__                      
ffffffff  __c_args__                     
00000e4f  __mpu_init                     
2000fe00  __stack                        
00001711  _args_main                     
0000161d  _c_int00                       
20000418  _lock                          
00001737  _nop                           
0000172f  _register_lock                 
00001729  _register_unlock               
20000000  _sys_memory                    
00001543  _system_post_cinit             
00001765  _system_pre_init               
2000041c  _unlock                        
00001675  abort                          
20000428  accelX                         
2000042a  accelY                         
0000106d  adc_config                     
ffffffff  binit                          
0000085d  calloc                         
20000448  command                        
000016c5  copy_in                        
20000425  data                           
0000167d  exit                           
20000426  flags                          
000005a7  free                           
00000000  interruptVectors               
0000139d  main                           
2000042c  main_func_sp                   
0000053d  malloc                         
00000771  memalign                       
0000142d  memcpy                         
000014d1  memset                         
000004bd  minit                          
00000e7d  port_config                    
00000669  realloc                        
00001239  timer_config                   
20000424  timer_count                    
00000145  uart_config                    


GLOBAL SYMBOLS: SORTED BY Symbol Address 

address   name                           
-------   ----                           
00000000  __TI_static_base__             
00000000  interruptVectors               
00000145  uart_config                    
000001d9  EUSCIA0_IRQHandler             
000001d9  EUSCIA0_IRQHandler             
00000200  __STACK_SIZE                   
0000035b  EUSCIA2_IRQHandler             
0000035b  EUSCIA2_IRQHandler             
000003d1  Terminal_send_n                
00000400  __SYSMEM_SIZE                  
00000401  Terminal_send_byte             
00000425  Bluetooth_send_n               
0000045d  Bluetooth_send_byte            
000004bd  minit                          
0000053d  malloc                         
000005a7  free                           
00000669  realloc                        
00000771  memalign                       
0000085d  calloc                         
0000088d  SystemCoreClockUpdate          
00000b01  SystemInit                     
00000bb9  CB_initialize_buffer           
00000c1f  CB_clear_buffer                
00000c85  CB_delete_buffer               
00000cb3  CB_is_buffer_full              
00000cd7  CB_is_buffer_empty             
00000cf5  CB_add_item_to_buffer          
00000d5f  CB_remove_item_from_buffer     
00000dd7  CB_copy_buffer                 
00000e4f  __mpu_init                     
00000e7d  port_config                    
00000fa5  PORT3_IRQHandler               
00000fa5  PORT3_IRQHandler               
00000fbb  PORT5_IRQHandler               
00000fbb  PORT5_IRQHandler               
0000106d  adc_config                     
00001103  ADC14_IRQHandler               
00001103  ADC14_IRQHandler               
00001239  timer_config                   
000012b7  TA0_0_IRQHandler               
000012b7  TA0_0_IRQHandler               
0000139d  main                           
0000142d  __aeabi_memcpy                 
0000142d  __aeabi_memcpy4                
0000142d  __aeabi_memcpy8                
0000142d  memcpy                         
000014c9  __aeabi_memclr                 
000014c9  __aeabi_memclr4                
000014c9  __aeabi_memclr8                
000014cb  __aeabi_memset                 
000014cb  __aeabi_memset4                
000014cb  __aeabi_memset8                
000014d1  memset                         
00001543  _system_post_cinit             
00001545  __TI_auto_init                 
000015b5  __TI_decompress_lzss           
0000161d  _c_int00                       
00001671  C$$EXIT                        
00001675  abort                          
0000167d  exit                           
000016c5  copy_in                        
00001711  _args_main                     
00001729  _register_unlock               
0000172f  _register_lock                 
00001737  _nop                           
0000173d  __TI_decompress_none           
0000174b  Reset_Handler                  
00001757  AES256_IRQHandler              
00001757  BusFault_Handler               
00001757  COMP_E0_IRQHandler             
00001757  COMP_E1_IRQHandler             
00001757  CS_IRQHandler                  
00001757  DMA_ERR_IRQHandler             
00001757  DMA_INT0_IRQHandler            
00001757  DMA_INT1_IRQHandler            
00001757  DMA_INT2_IRQHandler            
00001757  DMA_INT3_IRQHandler            
00001757  DebugMon_Handler               
00001757  Default_Handler                
00001757  EUSCIA1_IRQHandler             
00001757  EUSCIA3_IRQHandler             
00001757  EUSCIB0_IRQHandler             
00001757  EUSCIB1_IRQHandler             
00001757  EUSCIB2_IRQHandler             
00001757  EUSCIB3_IRQHandler             
00001757  FLCTL_IRQHandler               
00001757  FPU_IRQHandler                 
00001757  HardFault_Handler              
00001757  MemManage_Handler              
00001757  NMI_Handler                    
00001757  PCM_IRQHandler                 
00001757  PORT1_IRQHandler               
00001757  PORT2_IRQHandler               
00001757  PORT4_IRQHandler               
00001757  PORT6_IRQHandler               
00001757  PSS_IRQHandler                 
00001757  PendSV_Handler                 
00001757  RTC_C_IRQHandler               
00001757  SVC_Handler                    
00001757  SysTick_Handler                
00001757  T32_INT1_IRQHandler            
00001757  T32_INT2_IRQHandler            
00001757  T32_INTC_IRQHandler            
00001757  TA0_N_IRQHandler               
00001757  TA1_0_IRQHandler               
00001757  TA1_N_IRQHandler               
00001757  TA2_0_IRQHandler               
00001757  TA2_N_IRQHandler               
00001757  TA3_0_IRQHandler               
00001757  TA3_N_IRQHandler               
00001757  UsageFault_Handler             
00001757  WDT_A_IRQHandler               
00001759  __TI_zero_init                 
00001765  _system_pre_init               
0000178c  __TI_Handler_Table_Base        
00001798  __TI_Handler_Table_Limit       
000017a0  __TI_CINIT_Base                
000017b0  __TI_CINIT_Limit               
20000000  _sys_memory                    
20000400  __TI_cleanup_ptr               
20000404  __TI_dtors_ptr                 
20000408  __TI_enable_exit_profile_output
20000418  _lock                          
2000041c  _unlock                        
20000420  Ranged                         
20000424  timer_count                    
20000425  data                           
20000426  flags                          
20000428  accelX                         
2000042a  accelY                         
2000042c  main_func_sp                   
20000430  SystemCoreClock                
20000434  Ranged_Controls                
20000448  command                        
2000fe00  __stack                        
20010000  __STACK_END                    
4000480c  WDTCTL_SYM                     
ffffffff  __TI_pprof_out_hndl            
ffffffff  __TI_prof_data_size            
ffffffff  __TI_prof_data_start           
ffffffff  __binit__                      
ffffffff  __c_args__                     
ffffffff  binit                          
UNDEFED   SHT$$INIT_ARRAY$$Base          
UNDEFED   SHT$$INIT_ARRAY$$Limit         

[145 symbols]
