<?xml version="1.0"?>
<link_info>
   <banner>TI ARM Linker PC v16.9.3.LTS</banner>
   <copyright>Copyright (c) 1996-2017 Texas Instruments Incorporated</copyright>
   <link_time>0x5a296e48</link_time>
   <link_errors>0x0</link_errors>
   <output_file>battlebot_controller_henault_charles_fu.out</output_file>
   <entry_point>
      <name>_c_int00</name>
      <address>0x161d</address>
   </entry_point>
   <input_file_list>
      <input_file id="fl-2">
         <path>.\</path>
         <kind>object</kind>
         <file>adc.obj</file>
         <name>adc.obj</name>
      </input_file>
      <input_file id="fl-3">
         <path>.\</path>
         <kind>object</kind>
         <file>circbuf.obj</file>
         <name>circbuf.obj</name>
      </input_file>
      <input_file id="fl-4">
         <path>.\</path>
         <kind>object</kind>
         <file>functions.obj</file>
         <name>functions.obj</name>
      </input_file>
      <input_file id="fl-5">
         <path>.\</path>
         <kind>object</kind>
         <file>main.obj</file>
         <name>main.obj</name>
      </input_file>
      <input_file id="fl-6">
         <path>.\</path>
         <kind>object</kind>
         <file>port.obj</file>
         <name>port.obj</name>
      </input_file>
      <input_file id="fl-7">
         <path>.\</path>
         <kind>object</kind>
         <file>startup_msp432p401r_ccs.obj</file>
         <name>startup_msp432p401r_ccs.obj</name>
      </input_file>
      <input_file id="fl-8">
         <path>.\</path>
         <kind>object</kind>
         <file>system_msp432p401r.obj</file>
         <name>system_msp432p401r.obj</name>
      </input_file>
      <input_file id="fl-9">
         <path>.\</path>
         <kind>object</kind>
         <file>timer.obj</file>
         <name>timer.obj</name>
      </input_file>
      <input_file id="fl-a">
         <path>.\</path>
         <kind>object</kind>
         <file>uart.obj</file>
         <name>uart.obj</name>
      </input_file>
      <input_file id="fl-e">
         <kind>object</kind>
         <file>&lt;internal&gt;</file>
         <name>&lt;internal&gt;</name>
      </input_file>
      <input_file id="fl-c4">
         <path>F:\ti\ccsv7\tools\compiler\ti-cgt-arm_16.9.3.LTS\lib\</path>
         <kind>archive</kind>
         <file>rtsv7M4_T_le_v4SPD16_eabi.lib</file>
         <name>boot.obj</name>
      </input_file>
      <input_file id="fl-c5">
         <path>F:\ti\ccsv7\tools\compiler\ti-cgt-arm_16.9.3.LTS\lib\</path>
         <kind>archive</kind>
         <file>rtsv7M4_T_le_v4SPD16_eabi.lib</file>
         <name>copy_decompress_lzss.obj</name>
      </input_file>
      <input_file id="fl-c6">
         <path>F:\ti\ccsv7\tools\compiler\ti-cgt-arm_16.9.3.LTS\lib\</path>
         <kind>archive</kind>
         <file>rtsv7M4_T_le_v4SPD16_eabi.lib</file>
         <name>copy_decompress_none.obj</name>
      </input_file>
      <input_file id="fl-c7">
         <path>F:\ti\ccsv7\tools\compiler\ti-cgt-arm_16.9.3.LTS\lib\</path>
         <kind>archive</kind>
         <file>rtsv7M4_T_le_v4SPD16_eabi.lib</file>
         <name>copy_zero_init.obj</name>
      </input_file>
      <input_file id="fl-c8">
         <path>F:\ti\ccsv7\tools\compiler\ti-cgt-arm_16.9.3.LTS\lib\</path>
         <kind>archive</kind>
         <file>rtsv7M4_T_le_v4SPD16_eabi.lib</file>
         <name>e_pow.obj</name>
      </input_file>
      <input_file id="fl-c9">
         <path>F:\ti\ccsv7\tools\compiler\ti-cgt-arm_16.9.3.LTS\lib\</path>
         <kind>archive</kind>
         <file>rtsv7M4_T_le_v4SPD16_eabi.lib</file>
         <name>e_sqrt.obj</name>
      </input_file>
      <input_file id="fl-ca">
         <path>F:\ti\ccsv7\tools\compiler\ti-cgt-arm_16.9.3.LTS\lib\</path>
         <kind>archive</kind>
         <file>rtsv7M4_T_le_v4SPD16_eabi.lib</file>
         <name>errno.obj</name>
      </input_file>
      <input_file id="fl-cb">
         <path>F:\ti\ccsv7\tools\compiler\ti-cgt-arm_16.9.3.LTS\lib\</path>
         <kind>archive</kind>
         <file>rtsv7M4_T_le_v4SPD16_eabi.lib</file>
         <name>exit.obj</name>
      </input_file>
      <input_file id="fl-cc">
         <path>F:\ti\ccsv7\tools\compiler\ti-cgt-arm_16.9.3.LTS\lib\</path>
         <kind>archive</kind>
         <file>rtsv7M4_T_le_v4SPD16_eabi.lib</file>
         <name>fd_add_t2.obj</name>
      </input_file>
      <input_file id="fl-cd">
         <path>F:\ti\ccsv7\tools\compiler\ti-cgt-arm_16.9.3.LTS\lib\</path>
         <kind>archive</kind>
         <file>rtsv7M4_T_le_v4SPD16_eabi.lib</file>
         <name>fd_cmp_t2.obj</name>
      </input_file>
      <input_file id="fl-ce">
         <path>F:\ti\ccsv7\tools\compiler\ti-cgt-arm_16.9.3.LTS\lib\</path>
         <kind>archive</kind>
         <file>rtsv7M4_T_le_v4SPD16_eabi.lib</file>
         <name>fd_div_t2.obj</name>
      </input_file>
      <input_file id="fl-cf">
         <path>F:\ti\ccsv7\tools\compiler\ti-cgt-arm_16.9.3.LTS\lib\</path>
         <kind>archive</kind>
         <file>rtsv7M4_T_le_v4SPD16_eabi.lib</file>
         <name>fd_mul_t2.obj</name>
      </input_file>
      <input_file id="fl-d0">
         <path>F:\ti\ccsv7\tools\compiler\ti-cgt-arm_16.9.3.LTS\lib\</path>
         <kind>archive</kind>
         <file>rtsv7M4_T_le_v4SPD16_eabi.lib</file>
         <name>fd_tos_t2.obj</name>
      </input_file>
      <input_file id="fl-d1">
         <path>F:\ti\ccsv7\tools\compiler\ti-cgt-arm_16.9.3.LTS\lib\</path>
         <kind>archive</kind>
         <file>rtsv7M4_T_le_v4SPD16_eabi.lib</file>
         <name>fs_tod_t2.obj</name>
      </input_file>
      <input_file id="fl-d2">
         <path>F:\ti\ccsv7\tools\compiler\ti-cgt-arm_16.9.3.LTS\lib\</path>
         <kind>archive</kind>
         <file>rtsv7M4_T_le_v4SPD16_eabi.lib</file>
         <name>i_tofd_t2.obj</name>
      </input_file>
      <input_file id="fl-d3">
         <path>F:\ti\ccsv7\tools\compiler\ti-cgt-arm_16.9.3.LTS\lib\</path>
         <kind>archive</kind>
         <file>rtsv7M4_T_le_v4SPD16_eabi.lib</file>
         <name>memcpy_t2.obj</name>
      </input_file>
      <input_file id="fl-d4">
         <path>F:\ti\ccsv7\tools\compiler\ti-cgt-arm_16.9.3.LTS\lib\</path>
         <kind>archive</kind>
         <file>rtsv7M4_T_le_v4SPD16_eabi.lib</file>
         <name>memory.obj</name>
      </input_file>
      <input_file id="fl-d5">
         <path>F:\ti\ccsv7\tools\compiler\ti-cgt-arm_16.9.3.LTS\lib\</path>
         <kind>archive</kind>
         <file>rtsv7M4_T_le_v4SPD16_eabi.lib</file>
         <name>memset_t2.obj</name>
      </input_file>
      <input_file id="fl-d6">
         <path>F:\ti\ccsv7\tools\compiler\ti-cgt-arm_16.9.3.LTS\lib\</path>
         <kind>archive</kind>
         <file>rtsv7M4_T_le_v4SPD16_eabi.lib</file>
         <name>mpu_init.obj</name>
      </input_file>
      <input_file id="fl-d7">
         <path>F:\ti\ccsv7\tools\compiler\ti-cgt-arm_16.9.3.LTS\lib\</path>
         <kind>archive</kind>
         <file>rtsv7M4_T_le_v4SPD16_eabi.lib</file>
         <name>pre_init.obj</name>
      </input_file>
      <input_file id="fl-d8">
         <path>F:\ti\ccsv7\tools\compiler\ti-cgt-arm_16.9.3.LTS\lib\</path>
         <kind>archive</kind>
         <file>rtsv7M4_T_le_v4SPD16_eabi.lib</file>
         <name>s_round.obj</name>
      </input_file>
      <input_file id="fl-d9">
         <path>F:\ti\ccsv7\tools\compiler\ti-cgt-arm_16.9.3.LTS\lib\</path>
         <kind>archive</kind>
         <file>rtsv7M4_T_le_v4SPD16_eabi.lib</file>
         <name>s_scalbn.obj</name>
      </input_file>
      <input_file id="fl-da">
         <path>F:\ti\ccsv7\tools\compiler\ti-cgt-arm_16.9.3.LTS\lib\</path>
         <kind>archive</kind>
         <file>rtsv7M4_T_le_v4SPD16_eabi.lib</file>
         <name>stkdepth_vars.obj</name>
      </input_file>
      <input_file id="fl-db">
         <path>F:\ti\ccsv7\tools\compiler\ti-cgt-arm_16.9.3.LTS\lib\</path>
         <kind>archive</kind>
         <file>rtsv7M4_T_le_v4SPD16_eabi.lib</file>
         <name>strlen.obj</name>
      </input_file>
      <input_file id="fl-dc">
         <path>F:\ti\ccsv7\tools\compiler\ti-cgt-arm_16.9.3.LTS\lib\</path>
         <kind>archive</kind>
         <file>rtsv7M4_T_le_v4SPD16_eabi.lib</file>
         <name>_lock.obj</name>
      </input_file>
      <input_file id="fl-dd">
         <path>F:\ti\ccsv7\tools\compiler\ti-cgt-arm_16.9.3.LTS\lib\</path>
         <kind>archive</kind>
         <file>rtsv7M4_T_le_v4SPD16_eabi.lib</file>
         <name>args_main.obj</name>
      </input_file>
      <input_file id="fl-de">
         <path>F:\ti\ccsv7\tools\compiler\ti-cgt-arm_16.9.3.LTS\lib\</path>
         <kind>archive</kind>
         <file>rtsv7M4_T_le_v4SPD16_eabi.lib</file>
         <name>autoinit.obj</name>
      </input_file>
      <input_file id="fl-df">
         <path>F:\ti\ccsv7\tools\compiler\ti-cgt-arm_16.9.3.LTS\lib\</path>
         <kind>archive</kind>
         <file>rtsv7M4_T_le_v4SPD16_eabi.lib</file>
         <name>cpy_tbl.obj</name>
      </input_file>
      <input_file id="fl-e0">
         <path>F:\ti\ccsv7\tools\compiler\ti-cgt-arm_16.9.3.LTS\lib\</path>
         <kind>archive</kind>
         <file>rtsv7M4_T_le_v4SPD16_eabi.lib</file>
         <name>s_copysign.obj</name>
      </input_file>
      <input_file id="fl-e1">
         <path>F:\ti\ccsv7\tools\compiler\ti-cgt-arm_16.9.3.LTS\lib\</path>
         <kind>archive</kind>
         <file>rtsv7M4_T_le_v4SPD16_eabi.lib</file>
         <name>s_floor.obj</name>
      </input_file>
      <input_file id="fl-e2">
         <path>F:\ti\ccsv7\tools\compiler\ti-cgt-arm_16.9.3.LTS\lib\</path>
         <kind>archive</kind>
         <file>rtsv7M4_T_le_v4SPD16_eabi.lib</file>
         <name>startup.obj</name>
      </input_file>
   </input_file_list>
   <object_component_list>
      <object_component id="oc-2c">
         <name>.intvecs:retain</name>
         <load_address>0x0</load_address>
         <run_address>0x0</run_address>
         <size>0xe4</size>
         <input_file_ref idref="fl-7"/>
      </object_component>
      <object_component id="oc-84">
         <name>.text</name>
         <load_address>0xe4</load_address>
         <run_address>0xe4</run_address>
         <size>0x3d8</size>
         <input_file_ref idref="fl-a"/>
      </object_component>
      <object_component id="oc-139">
         <name>.text</name>
         <load_address>0x4bc</load_address>
         <run_address>0x4bc</run_address>
         <size>0x3d0</size>
         <input_file_ref idref="fl-d4"/>
      </object_component>
      <object_component id="oc-d6">
         <name>.text</name>
         <load_address>0x88c</load_address>
         <run_address>0x88c</run_address>
         <size>0x32c</size>
         <input_file_ref idref="fl-8"/>
      </object_component>
      <object_component id="oc-e6">
         <name>.text</name>
         <load_address>0xbb8</load_address>
         <run_address>0xbb8</run_address>
         <size>0x296</size>
         <input_file_ref idref="fl-3"/>
      </object_component>
      <object_component id="oc-56">
         <name>.text</name>
         <load_address>0xe4e</load_address>
         <run_address>0xe4e</run_address>
         <size>0x2</size>
         <input_file_ref idref="fl-d6"/>
      </object_component>
      <object_component id="oc-90">
         <name>.text</name>
         <load_address>0xe50</load_address>
         <run_address>0xe50</run_address>
         <size>0x1f0</size>
         <input_file_ref idref="fl-6"/>
      </object_component>
      <object_component id="oc-8a">
         <name>.text</name>
         <load_address>0x1040</load_address>
         <run_address>0x1040</run_address>
         <size>0x1cc</size>
         <input_file_ref idref="fl-2"/>
      </object_component>
      <object_component id="oc-7e">
         <name>.text</name>
         <load_address>0x120c</load_address>
         <run_address>0x120c</run_address>
         <size>0x130</size>
         <input_file_ref idref="fl-9"/>
      </object_component>
      <object_component id="oc-c3">
         <name>.text</name>
         <load_address>0x133c</load_address>
         <run_address>0x133c</run_address>
         <size>0xf0</size>
         <input_file_ref idref="fl-5"/>
      </object_component>
      <object_component id="oc-3e">
         <name>.text</name>
         <load_address>0x142c</load_address>
         <run_address>0x142c</run_address>
         <size>0x9c</size>
         <input_file_ref idref="fl-d3"/>
      </object_component>
      <object_component id="oc-4a">
         <name>.text</name>
         <load_address>0x14c8</load_address>
         <run_address>0x14c8</run_address>
         <size>0x7a</size>
         <input_file_ref idref="fl-d5"/>
      </object_component>
      <object_component id="oc-bb">
         <name>.text</name>
         <load_address>0x1542</load_address>
         <run_address>0x1542</run_address>
         <size>0x2</size>
         <input_file_ref idref="fl-e2"/>
      </object_component>
      <object_component id="oc-62">
         <name>.text</name>
         <load_address>0x1544</load_address>
         <run_address>0x1544</run_address>
         <size>0x70</size>
         <input_file_ref idref="fl-de"/>
      </object_component>
      <object_component id="oc-14">
         <name>.text:decompress:lzss</name>
         <load_address>0x15b4</load_address>
         <run_address>0x15b4</run_address>
         <size>0x68</size>
         <input_file_ref idref="fl-c5"/>
      </object_component>
      <object_component id="oc-26">
         <name>.text</name>
         <load_address>0x161c</load_address>
         <run_address>0x161c</run_address>
         <size>0x54</size>
         <input_file_ref idref="fl-c4"/>
      </object_component>
      <object_component id="oc-6e">
         <name>.text</name>
         <load_address>0x1670</load_address>
         <run_address>0x1670</run_address>
         <size>0x54</size>
         <input_file_ref idref="fl-cb"/>
      </object_component>
      <object_component id="oc-b5">
         <name>.text</name>
         <load_address>0x16c4</load_address>
         <run_address>0x16c4</run_address>
         <size>0x4c</size>
         <input_file_ref idref="fl-df"/>
      </object_component>
      <object_component id="oc-68">
         <name>.text</name>
         <load_address>0x1710</load_address>
         <run_address>0x1710</run_address>
         <size>0x18</size>
         <input_file_ref idref="fl-dd"/>
      </object_component>
      <object_component id="oc-123">
         <name>.text</name>
         <load_address>0x1728</load_address>
         <run_address>0x1728</run_address>
         <size>0x14</size>
         <input_file_ref idref="fl-dc"/>
      </object_component>
      <object_component id="oc-1a">
         <name>.text:decompress:none</name>
         <load_address>0x173c</load_address>
         <run_address>0x173c</run_address>
         <size>0xe</size>
         <input_file_ref idref="fl-c6"/>
      </object_component>
      <object_component id="oc-78">
         <name>.text</name>
         <load_address>0x174a</load_address>
         <run_address>0x174a</run_address>
         <size>0xe</size>
         <input_file_ref idref="fl-7"/>
      </object_component>
      <object_component id="oc-20">
         <name>.text:decompress:ZI</name>
         <load_address>0x1758</load_address>
         <run_address>0x1758</run_address>
         <size>0xc</size>
         <input_file_ref idref="fl-c7"/>
      </object_component>
      <object_component id="oc-5c">
         <name>.text</name>
         <load_address>0x1764</load_address>
         <run_address>0x1764</run_address>
         <size>0x4</size>
         <input_file_ref idref="fl-d7"/>
      </object_component>
      <object_component id="oc-198">
         <name>.cinit..data.load</name>
         <load_address>0x1768</load_address>
         <run_address>0x1768</run_address>
         <size>0x22</size>
      </object_component>
      <object_component id="oc-196">
         <name>__TI_handler_table</name>
         <load_address>0x178c</load_address>
         <run_address>0x178c</run_address>
         <size>0xc</size>
      </object_component>
      <object_component id="oc-199">
         <name>.cinit..bss.load</name>
         <load_address>0x1798</load_address>
         <run_address>0x1798</run_address>
         <size>0x8</size>
      </object_component>
      <object_component id="oc-197">
         <name>__TI_cinit_table</name>
         <load_address>0x17a0</load_address>
         <run_address>0x17a0</run_address>
         <size>0x10</size>
      </object_component>
      <object_component id="oc-173">
         <name>.binit</name>
         <load_address>0x0</load_address>
         <run_address>0x0</run_address>
         <size>0x0</size>
      </object_component>
      <object_component id="oc-f5">
         <name>.data</name>
         <load_address>0x20000428</load_address>
         <run_address>0x20000428</run_address>
         <size>0x4</size>
         <input_file_ref idref="fl-2"/>
      </object_component>
      <object_component id="oc-dd">
         <name>.data</name>
         <load_address>0x20000420</load_address>
         <run_address>0x20000420</run_address>
         <size>0x7</size>
         <input_file_ref idref="fl-5"/>
      </object_component>
      <object_component id="oc-12f">
         <name>.data</name>
         <load_address>0x20000430</load_address>
         <run_address>0x20000430</run_address>
         <size>0x4</size>
         <input_file_ref idref="fl-8"/>
      </object_component>
      <object_component id="oc-cb">
         <name>.data:$O1$$</name>
         <load_address>0x20000400</load_address>
         <run_address>0x20000400</run_address>
         <size>0xc</size>
         <input_file_ref idref="fl-cb"/>
      </object_component>
      <object_component id="oc-164">
         <name>.data:$O1$$</name>
         <load_address>0x2000040c</load_address>
         <run_address>0x2000040c</run_address>
         <size>0xc</size>
         <input_file_ref idref="fl-d4"/>
      </object_component>
      <object_component id="oc-74">
         <name>.data</name>
         <load_address>0x2000042c</load_address>
         <run_address>0x2000042c</run_address>
         <size>0x4</size>
         <input_file_ref idref="fl-da"/>
      </object_component>
      <object_component id="oc-ce">
         <name>.data:$O1$$</name>
         <load_address>0x20000418</load_address>
         <run_address>0x20000418</run_address>
         <size>0x8</size>
         <input_file_ref idref="fl-dc"/>
      </object_component>
      <object_component id="oc-133">
         <name>.common:Ranged_Controls</name>
         <uninitialized>true</uninitialized>
         <run_address>0x20000434</run_address>
         <size>0x14</size>
      </object_component>
      <object_component id="oc-ec">
         <name>.common:command</name>
         <uninitialized>true</uninitialized>
         <run_address>0x20000448</run_address>
         <size>0x1</size>
      </object_component>
      <object_component id="oc-30">
         <name>.sysmem</name>
         <uninitialized>true</uninitialized>
         <run_address>0x20000000</run_address>
         <size>0x8</size>
         <input_file_ref idref="fl-d4"/>
      </object_component>
      <object_component id="oc-19b">
         <name>.sysmem</name>
         <uninitialized>true</uninitialized>
         <run_address>0x20000000</run_address>
         <size>0x0</size>
      </object_component>
      <object_component id="oc-2f">
         <name>.stack</name>
         <uninitialized>true</uninitialized>
         <run_address>0x2000fe00</run_address>
         <size>0x0</size>
         <input_file_ref idref="fl-c4"/>
      </object_component>
      <object_component id="oc-19a">
         <name>.stack</name>
         <uninitialized>true</uninitialized>
         <run_address>0x2000fe00</run_address>
         <size>0x0</size>
      </object_component>
      <object_component id="oc-138">
         <name>.debug_info</name>
         <load_address>0x0</load_address>
         <run_address>0x0</run_address>
         <size>0x592</size>
         <input_file_ref idref="fl-2"/>
      </object_component>
      <object_component id="oc-f6">
         <name>.debug_info</name>
         <load_address>0x592</load_address>
         <run_address>0x592</run_address>
         <size>0x106</size>
         <input_file_ref idref="fl-2"/>
      </object_component>
      <object_component id="oc-8b">
         <name>.debug_info</name>
         <load_address>0x698</load_address>
         <run_address>0x698</run_address>
         <size>0x249</size>
         <input_file_ref idref="fl-2"/>
      </object_component>
      <object_component id="oc-140">
         <name>.debug_info</name>
         <load_address>0x8e1</load_address>
         <run_address>0x8e1</run_address>
         <size>0xf9</size>
         <input_file_ref idref="fl-2"/>
      </object_component>
      <object_component id="oc-148">
         <name>.debug_info</name>
         <load_address>0x9da</load_address>
         <run_address>0x9da</run_address>
         <size>0x1055</size>
         <input_file_ref idref="fl-2"/>
      </object_component>
      <object_component id="oc-e1">
         <name>.debug_info</name>
         <load_address>0x1a2f</load_address>
         <run_address>0x1a2f</run_address>
         <size>0x37cd</size>
         <input_file_ref idref="fl-2"/>
      </object_component>
      <object_component id="oc-39">
         <name>.debug_info</name>
         <load_address>0x51fc</load_address>
         <run_address>0x51fc</run_address>
         <size>0x84</size>
         <input_file_ref idref="fl-2"/>
      </object_component>
      <object_component id="oc-f0">
         <name>.debug_info</name>
         <load_address>0x5280</load_address>
         <run_address>0x5280</run_address>
         <size>0x18b</size>
         <input_file_ref idref="fl-2"/>
      </object_component>
      <object_component id="oc-145">
         <name>.debug_info</name>
         <load_address>0x540b</load_address>
         <run_address>0x540b</run_address>
         <size>0x5c4</size>
         <input_file_ref idref="fl-3"/>
      </object_component>
      <object_component id="oc-e9">
         <name>.debug_info</name>
         <load_address>0x59cf</load_address>
         <run_address>0x59cf</run_address>
         <size>0x63f</size>
         <input_file_ref idref="fl-3"/>
      </object_component>
      <object_component id="oc-16a">
         <name>.debug_info</name>
         <load_address>0x600e</load_address>
         <run_address>0x600e</run_address>
         <size>0x110</size>
         <input_file_ref idref="fl-3"/>
      </object_component>
      <object_component id="oc-ac">
         <name>.debug_info</name>
         <load_address>0x611e</load_address>
         <run_address>0x611e</run_address>
         <size>0x2c</size>
         <input_file_ref idref="fl-4"/>
      </object_component>
      <object_component id="oc-134">
         <name>.debug_info</name>
         <load_address>0x614a</load_address>
         <run_address>0x614a</run_address>
         <size>0x68f</size>
         <input_file_ref idref="fl-5"/>
      </object_component>
      <object_component id="oc-de">
         <name>.debug_info</name>
         <load_address>0x67d9</load_address>
         <run_address>0x67d9</run_address>
         <size>0x145</size>
         <input_file_ref idref="fl-5"/>
      </object_component>
      <object_component id="oc-c4">
         <name>.debug_info</name>
         <load_address>0x691e</load_address>
         <run_address>0x691e</run_address>
         <size>0x3bb</size>
         <input_file_ref idref="fl-5"/>
      </object_component>
      <object_component id="oc-91">
         <name>.debug_info</name>
         <load_address>0x6cd9</load_address>
         <run_address>0x6cd9</run_address>
         <size>0x2ba</size>
         <input_file_ref idref="fl-6"/>
      </object_component>
      <object_component id="oc-98">
         <name>.debug_info</name>
         <load_address>0x6f93</load_address>
         <run_address>0x6f93</run_address>
         <size>0x2d3</size>
         <input_file_ref idref="fl-7"/>
      </object_component>
      <object_component id="oc-2d">
         <name>.debug_info</name>
         <load_address>0x7266</load_address>
         <run_address>0x7266</run_address>
         <size>0x111</size>
         <input_file_ref idref="fl-7"/>
      </object_component>
      <object_component id="oc-79">
         <name>.debug_info</name>
         <load_address>0x7377</load_address>
         <run_address>0x7377</run_address>
         <size>0x1d8</size>
         <input_file_ref idref="fl-7"/>
      </object_component>
      <object_component id="oc-130">
         <name>.debug_info</name>
         <load_address>0x754f</load_address>
         <run_address>0x754f</run_address>
         <size>0x10a</size>
         <input_file_ref idref="fl-8"/>
      </object_component>
      <object_component id="oc-d8">
         <name>.debug_info</name>
         <load_address>0x7659</load_address>
         <run_address>0x7659</run_address>
         <size>0x27c</size>
         <input_file_ref idref="fl-8"/>
      </object_component>
      <object_component id="oc-7f">
         <name>.debug_info</name>
         <load_address>0x78d5</load_address>
         <run_address>0x78d5</run_address>
         <size>0x257</size>
         <input_file_ref idref="fl-9"/>
      </object_component>
      <object_component id="oc-ed">
         <name>.debug_info</name>
         <load_address>0x7b2c</load_address>
         <run_address>0x7b2c</run_address>
         <size>0x6d7</size>
         <input_file_ref idref="fl-a"/>
      </object_component>
      <object_component id="oc-87">
         <name>.debug_info</name>
         <load_address>0x8203</load_address>
         <run_address>0x8203</run_address>
         <size>0x873</size>
         <input_file_ref idref="fl-a"/>
      </object_component>
      <object_component id="oc-28">
         <name>.debug_info</name>
         <load_address>0x8a76</load_address>
         <run_address>0x8a76</run_address>
         <size>0x160</size>
         <input_file_ref idref="fl-c4"/>
      </object_component>
      <object_component id="oc-a2">
         <name>.debug_info</name>
         <load_address>0x8bd6</load_address>
         <run_address>0x8bd6</run_address>
         <size>0x293</size>
         <input_file_ref idref="fl-c5"/>
      </object_component>
      <object_component id="oc-17">
         <name>.debug_info</name>
         <load_address>0x8e69</load_address>
         <run_address>0x8e69</run_address>
         <size>0x245</size>
         <input_file_ref idref="fl-c5"/>
      </object_component>
      <object_component id="oc-34">
         <name>.debug_info</name>
         <load_address>0x90ae</load_address>
         <run_address>0x90ae</run_address>
         <size>0x60</size>
         <input_file_ref idref="fl-c5"/>
      </object_component>
      <object_component id="oc-9d">
         <name>.debug_info</name>
         <load_address>0x910e</load_address>
         <run_address>0x910e</run_address>
         <size>0x46</size>
         <input_file_ref idref="fl-c5"/>
      </object_component>
      <object_component id="oc-49">
         <name>.debug_info</name>
         <load_address>0x9154</load_address>
         <run_address>0x9154</run_address>
         <size>0x2da</size>
         <input_file_ref idref="fl-c6"/>
      </object_component>
      <object_component id="oc-1b">
         <name>.debug_info</name>
         <load_address>0x942e</load_address>
         <run_address>0x942e</run_address>
         <size>0x1df</size>
         <input_file_ref idref="fl-c6"/>
      </object_component>
      <object_component id="oc-44">
         <name>.debug_info</name>
         <load_address>0x960d</load_address>
         <run_address>0x960d</run_address>
         <size>0x46</size>
         <input_file_ref idref="fl-c6"/>
      </object_component>
      <object_component id="oc-a4">
         <name>.debug_info</name>
         <load_address>0x9653</load_address>
         <run_address>0x9653</run_address>
         <size>0x2c</size>
         <input_file_ref idref="fl-c6"/>
      </object_component>
      <object_component id="oc-55">
         <name>.debug_info</name>
         <load_address>0x967f</load_address>
         <run_address>0x967f</run_address>
         <size>0x2c9</size>
         <input_file_ref idref="fl-c7"/>
      </object_component>
      <object_component id="oc-23">
         <name>.debug_info</name>
         <load_address>0x9948</load_address>
         <run_address>0x9948</run_address>
         <size>0x1aa</size>
         <input_file_ref idref="fl-c7"/>
      </object_component>
      <object_component id="oc-50">
         <name>.debug_info</name>
         <load_address>0x9af2</load_address>
         <run_address>0x9af2</run_address>
         <size>0x46</size>
         <input_file_ref idref="fl-c7"/>
      </object_component>
      <object_component id="oc-d2">
         <name>.debug_info</name>
         <load_address>0x9b38</load_address>
         <run_address>0x9b38</run_address>
         <size>0x3ce</size>
         <input_file_ref idref="fl-cb"/>
      </object_component>
      <object_component id="oc-cc">
         <name>.debug_info</name>
         <load_address>0x9f06</load_address>
         <run_address>0x9f06</run_address>
         <size>0x185</size>
         <input_file_ref idref="fl-cb"/>
      </object_component>
      <object_component id="oc-6f">
         <name>.debug_info</name>
         <load_address>0xa08b</load_address>
         <run_address>0xa08b</run_address>
         <size>0x214</size>
         <input_file_ref idref="fl-cb"/>
      </object_component>
      <object_component id="oc-40">
         <name>.debug_info</name>
         <load_address>0xa29f</load_address>
         <run_address>0xa29f</run_address>
         <size>0x111</size>
         <input_file_ref idref="fl-d3"/>
      </object_component>
      <object_component id="oc-9b">
         <name>.debug_info</name>
         <load_address>0xa3b0</load_address>
         <run_address>0xa3b0</run_address>
         <size>0x3bc</size>
         <input_file_ref idref="fl-d4"/>
      </object_component>
      <object_component id="oc-31">
         <name>.debug_info</name>
         <load_address>0xa76c</load_address>
         <run_address>0xa76c</run_address>
         <size>0x101</size>
         <input_file_ref idref="fl-d4"/>
      </object_component>
      <object_component id="oc-165">
         <name>.debug_info</name>
         <load_address>0xa86d</load_address>
         <run_address>0xa86d</run_address>
         <size>0x14c</size>
         <input_file_ref idref="fl-d4"/>
      </object_component>
      <object_component id="oc-13b">
         <name>.debug_info</name>
         <load_address>0xa9b9</load_address>
         <run_address>0xa9b9</run_address>
         <size>0x885</size>
         <input_file_ref idref="fl-d4"/>
      </object_component>
      <object_component id="oc-fe">
         <name>.debug_info</name>
         <load_address>0xb23e</load_address>
         <run_address>0xb23e</run_address>
         <size>0x2c</size>
         <input_file_ref idref="fl-d4"/>
      </object_component>
      <object_component id="oc-103">
         <name>.debug_info</name>
         <load_address>0xb26a</load_address>
         <run_address>0xb26a</run_address>
         <size>0x62</size>
         <input_file_ref idref="fl-d4"/>
      </object_component>
      <object_component id="oc-4b">
         <name>.debug_info</name>
         <load_address>0xb2cc</load_address>
         <run_address>0xb2cc</run_address>
         <size>0x13f</size>
         <input_file_ref idref="fl-d5"/>
      </object_component>
      <object_component id="oc-5a">
         <name>.debug_info</name>
         <load_address>0xb40b</load_address>
         <run_address>0xb40b</run_address>
         <size>0x138</size>
         <input_file_ref idref="fl-d6"/>
      </object_component>
      <object_component id="oc-5d">
         <name>.debug_info</name>
         <load_address>0xb543</load_address>
         <run_address>0xb543</run_address>
         <size>0x148</size>
         <input_file_ref idref="fl-d7"/>
      </object_component>
      <object_component id="oc-75">
         <name>.debug_info</name>
         <load_address>0xb68b</load_address>
         <run_address>0xb68b</run_address>
         <size>0x109</size>
         <input_file_ref idref="fl-da"/>
      </object_component>
      <object_component id="oc-12b">
         <name>.debug_info</name>
         <load_address>0xb794</load_address>
         <run_address>0xb794</run_address>
         <size>0x2be</size>
         <input_file_ref idref="fl-dc"/>
      </object_component>
      <object_component id="oc-cf">
         <name>.debug_info</name>
         <load_address>0xba52</load_address>
         <run_address>0xba52</run_address>
         <size>0x113</size>
         <input_file_ref idref="fl-dc"/>
      </object_component>
      <object_component id="oc-126">
         <name>.debug_info</name>
         <load_address>0xbb65</load_address>
         <run_address>0xbb65</run_address>
         <size>0x21f</size>
         <input_file_ref idref="fl-dc"/>
      </object_component>
      <object_component id="oc-ca">
         <name>.debug_info</name>
         <load_address>0xbd84</load_address>
         <run_address>0xbd84</run_address>
         <size>0x300</size>
         <input_file_ref idref="fl-dd"/>
      </object_component>
      <object_component id="oc-6b">
         <name>.debug_info</name>
         <load_address>0xc084</load_address>
         <run_address>0xc084</run_address>
         <size>0x167</size>
         <input_file_ref idref="fl-dd"/>
      </object_component>
      <object_component id="oc-11c">
         <name>.debug_info</name>
         <load_address>0xc1eb</load_address>
         <run_address>0xc1eb</run_address>
         <size>0x5e</size>
         <input_file_ref idref="fl-dd"/>
      </object_component>
      <object_component id="oc-c2">
         <name>.debug_info</name>
         <load_address>0xc249</load_address>
         <run_address>0xc249</run_address>
         <size>0x483</size>
         <input_file_ref idref="fl-de"/>
      </object_component>
      <object_component id="oc-63">
         <name>.debug_info</name>
         <load_address>0xc6cc</load_address>
         <run_address>0xc6cc</run_address>
         <size>0x190</size>
         <input_file_ref idref="fl-de"/>
      </object_component>
      <object_component id="oc-10f">
         <name>.debug_info</name>
         <load_address>0xc85c</load_address>
         <run_address>0xc85c</run_address>
         <size>0x39</size>
         <input_file_ref idref="fl-de"/>
      </object_component>
      <object_component id="oc-156">
         <name>.debug_info</name>
         <load_address>0xc895</load_address>
         <run_address>0xc895</run_address>
         <size>0x39</size>
         <input_file_ref idref="fl-de"/>
      </object_component>
      <object_component id="oc-114">
         <name>.debug_info</name>
         <load_address>0xc8ce</load_address>
         <run_address>0xc8ce</run_address>
         <size>0xcd</size>
         <input_file_ref idref="fl-de"/>
      </object_component>
      <object_component id="oc-10b">
         <name>.debug_info</name>
         <load_address>0xc99b</load_address>
         <run_address>0xc99b</run_address>
         <size>0x37a</size>
         <input_file_ref idref="fl-df"/>
      </object_component>
      <object_component id="oc-b7">
         <name>.debug_info</name>
         <load_address>0xcd15</load_address>
         <run_address>0xcd15</run_address>
         <size>0x183</size>
         <input_file_ref idref="fl-df"/>
      </object_component>
      <object_component id="oc-151">
         <name>.debug_info</name>
         <load_address>0xce98</load_address>
         <run_address>0xce98</run_address>
         <size>0x2c</size>
         <input_file_ref idref="fl-df"/>
      </object_component>
      <object_component id="oc-bc">
         <name>.debug_info</name>
         <load_address>0xcec4</load_address>
         <run_address>0xcec4</run_address>
         <size>0x145</size>
         <input_file_ref idref="fl-e2"/>
      </object_component>
      <object_component id="oc-19c">
         <name>.debug_info</name>
         <load_address>0xd009</load_address>
         <run_address>0xd009</run_address>
         <size>0xc0</size>
      </object_component>
      <object_component id="oc-163">
         <name>.debug_line</name>
         <load_address>0x0</load_address>
         <run_address>0x0</run_address>
         <size>0x2c</size>
         <input_file_ref idref="fl-2"/>
      </object_component>
      <object_component id="oc-14e">
         <name>.debug_line</name>
         <load_address>0x2c</load_address>
         <run_address>0x2c</run_address>
         <size>0x2c</size>
         <input_file_ref idref="fl-2"/>
      </object_component>
      <object_component id="oc-8e">
         <name>.debug_line</name>
         <load_address>0x58</load_address>
         <run_address>0x58</run_address>
         <size>0x106</size>
         <input_file_ref idref="fl-2"/>
      </object_component>
      <object_component id="oc-143">
         <name>.debug_line</name>
         <load_address>0x15e</load_address>
         <run_address>0x15e</run_address>
         <size>0x30</size>
         <input_file_ref idref="fl-2"/>
      </object_component>
      <object_component id="oc-14b">
         <name>.debug_line</name>
         <load_address>0x18e</load_address>
         <run_address>0x18e</run_address>
         <size>0x55</size>
         <input_file_ref idref="fl-2"/>
      </object_component>
      <object_component id="oc-e4">
         <name>.debug_line</name>
         <load_address>0x1e3</load_address>
         <run_address>0x1e3</run_address>
         <size>0x52</size>
         <input_file_ref idref="fl-2"/>
      </object_component>
      <object_component id="oc-3c">
         <name>.debug_line</name>
         <load_address>0x235</load_address>
         <run_address>0x235</run_address>
         <size>0x20</size>
         <input_file_ref idref="fl-2"/>
      </object_component>
      <object_component id="oc-f3">
         <name>.debug_line</name>
         <load_address>0x255</load_address>
         <run_address>0x255</run_address>
         <size>0x65</size>
         <input_file_ref idref="fl-2"/>
      </object_component>
      <object_component id="oc-169">
         <name>.debug_line</name>
         <load_address>0x2ba</load_address>
         <run_address>0x2ba</run_address>
         <size>0x65</size>
         <input_file_ref idref="fl-3"/>
      </object_component>
      <object_component id="oc-e8">
         <name>.debug_line</name>
         <load_address>0x31f</load_address>
         <run_address>0x31f</run_address>
         <size>0x1b6</size>
         <input_file_ref idref="fl-3"/>
      </object_component>
      <object_component id="oc-16d">
         <name>.debug_line</name>
         <load_address>0x4d5</load_address>
         <run_address>0x4d5</run_address>
         <size>0x65</size>
         <input_file_ref idref="fl-3"/>
      </object_component>
      <object_component id="oc-af">
         <name>.debug_line</name>
         <load_address>0x53a</load_address>
         <run_address>0x53a</run_address>
         <size>0x65</size>
         <input_file_ref idref="fl-4"/>
      </object_component>
      <object_component id="oc-161">
         <name>.debug_line</name>
         <load_address>0x59f</load_address>
         <run_address>0x59f</run_address>
         <size>0x71</size>
         <input_file_ref idref="fl-5"/>
      </object_component>
      <object_component id="oc-137">
         <name>.debug_line</name>
         <load_address>0x610</load_address>
         <run_address>0x610</run_address>
         <size>0x2d</size>
         <input_file_ref idref="fl-5"/>
      </object_component>
      <object_component id="oc-c8">
         <name>.debug_line</name>
         <load_address>0x63d</load_address>
         <run_address>0x63d</run_address>
         <size>0xdb</size>
         <input_file_ref idref="fl-5"/>
      </object_component>
      <object_component id="oc-94">
         <name>.debug_line</name>
         <load_address>0x718</load_address>
         <run_address>0x718</run_address>
         <size>0xf9</size>
         <input_file_ref idref="fl-6"/>
      </object_component>
      <object_component id="oc-fb">
         <name>.debug_line</name>
         <load_address>0x811</load_address>
         <run_address>0x811</run_address>
         <size>0x40</size>
         <input_file_ref idref="fl-7"/>
      </object_component>
      <object_component id="oc-97">
         <name>.debug_line</name>
         <load_address>0x851</load_address>
         <run_address>0x851</run_address>
         <size>0x40</size>
         <input_file_ref idref="fl-7"/>
      </object_component>
      <object_component id="oc-7d">
         <name>.debug_line</name>
         <load_address>0x891</load_address>
         <run_address>0x891</run_address>
         <size>0x71</size>
         <input_file_ref idref="fl-7"/>
      </object_component>
      <object_component id="oc-15f">
         <name>.debug_line</name>
         <load_address>0x902</load_address>
         <run_address>0x902</run_address>
         <size>0x3b</size>
         <input_file_ref idref="fl-8"/>
      </object_component>
      <object_component id="oc-d7">
         <name>.debug_line</name>
         <load_address>0x93d</load_address>
         <run_address>0x93d</run_address>
         <size>0x146</size>
         <input_file_ref idref="fl-8"/>
      </object_component>
      <object_component id="oc-82">
         <name>.debug_line</name>
         <load_address>0xa83</load_address>
         <run_address>0xa83</run_address>
         <size>0xe3</size>
         <input_file_ref idref="fl-9"/>
      </object_component>
      <object_component id="oc-147">
         <name>.debug_line</name>
         <load_address>0xb66</load_address>
         <run_address>0xb66</run_address>
         <size>0x3d</size>
         <input_file_ref idref="fl-a"/>
      </object_component>
      <object_component id="oc-85">
         <name>.debug_line</name>
         <load_address>0xba3</load_address>
         <run_address>0xba3</run_address>
         <size>0x254</size>
         <input_file_ref idref="fl-a"/>
      </object_component>
      <object_component id="oc-2a">
         <name>.debug_line</name>
         <load_address>0xdf7</load_address>
         <run_address>0xdf7</run_address>
         <size>0x53</size>
         <input_file_ref idref="fl-c4"/>
      </object_component>
      <object_component id="oc-109">
         <name>.debug_line</name>
         <load_address>0xe4a</load_address>
         <run_address>0xe4a</run_address>
         <size>0x20</size>
         <input_file_ref idref="fl-c5"/>
      </object_component>
      <object_component id="oc-19">
         <name>.debug_line</name>
         <load_address>0xe6a</load_address>
         <run_address>0xe6a</run_address>
         <size>0xa9</size>
         <input_file_ref idref="fl-c5"/>
      </object_component>
      <object_component id="oc-37">
         <name>.debug_line</name>
         <load_address>0xf13</load_address>
         <run_address>0xf13</run_address>
         <size>0x3a</size>
         <input_file_ref idref="fl-c5"/>
      </object_component>
      <object_component id="oc-a0">
         <name>.debug_line</name>
         <load_address>0xf4d</load_address>
         <run_address>0xf4d</run_address>
         <size>0x8a</size>
         <input_file_ref idref="fl-c5"/>
      </object_component>
      <object_component id="oc-aa">
         <name>.debug_line</name>
         <load_address>0xfd7</load_address>
         <run_address>0xfd7</run_address>
         <size>0x8a</size>
         <input_file_ref idref="fl-c6"/>
      </object_component>
      <object_component id="oc-1e">
         <name>.debug_line</name>
         <load_address>0x1061</load_address>
         <run_address>0x1061</run_address>
         <size>0x55</size>
         <input_file_ref idref="fl-c6"/>
      </object_component>
      <object_component id="oc-47">
         <name>.debug_line</name>
         <load_address>0x10b6</load_address>
         <run_address>0x10b6</run_address>
         <size>0x3a</size>
         <input_file_ref idref="fl-c6"/>
      </object_component>
      <object_component id="oc-a7">
         <name>.debug_line</name>
         <load_address>0x10f0</load_address>
         <run_address>0x10f0</run_address>
         <size>0x8a</size>
         <input_file_ref idref="fl-c6"/>
      </object_component>
      <object_component id="oc-b2">
         <name>.debug_line</name>
         <load_address>0x117a</load_address>
         <run_address>0x117a</run_address>
         <size>0x8a</size>
         <input_file_ref idref="fl-c7"/>
      </object_component>
      <object_component id="oc-25">
         <name>.debug_line</name>
         <load_address>0x1204</load_address>
         <run_address>0x1204</run_address>
         <size>0x4f</size>
         <input_file_ref idref="fl-c7"/>
      </object_component>
      <object_component id="oc-53">
         <name>.debug_line</name>
         <load_address>0x1253</load_address>
         <run_address>0x1253</run_address>
         <size>0x34</size>
         <input_file_ref idref="fl-c7"/>
      </object_component>
      <object_component id="oc-12e">
         <name>.debug_line</name>
         <load_address>0x1287</load_address>
         <run_address>0x1287</run_address>
         <size>0xf2</size>
         <input_file_ref idref="fl-cb"/>
      </object_component>
      <object_component id="oc-122">
         <name>.debug_line</name>
         <load_address>0x1379</load_address>
         <run_address>0x1379</run_address>
         <size>0x2a</size>
         <input_file_ref idref="fl-cb"/>
      </object_component>
      <object_component id="oc-72">
         <name>.debug_line</name>
         <load_address>0x13a3</load_address>
         <run_address>0x13a3</run_address>
         <size>0x86</size>
         <input_file_ref idref="fl-cb"/>
      </object_component>
      <object_component id="oc-42">
         <name>.debug_line</name>
         <load_address>0x1429</load_address>
         <run_address>0x1429</run_address>
         <size>0x88</size>
         <input_file_ref idref="fl-d3"/>
      </object_component>
      <object_component id="oc-fd">
         <name>.debug_line</name>
         <load_address>0x14b1</load_address>
         <run_address>0x14b1</run_address>
         <size>0xff</size>
         <input_file_ref idref="fl-d4"/>
      </object_component>
      <object_component id="oc-9a">
         <name>.debug_line</name>
         <load_address>0x15b0</load_address>
         <run_address>0x15b0</run_address>
         <size>0x2c</size>
         <input_file_ref idref="fl-d4"/>
      </object_component>
      <object_component id="oc-170">
         <name>.debug_line</name>
         <load_address>0x15dc</load_address>
         <run_address>0x15dc</run_address>
         <size>0x2c</size>
         <input_file_ref idref="fl-d4"/>
      </object_component>
      <object_component id="oc-13a">
         <name>.debug_line</name>
         <load_address>0x1608</load_address>
         <run_address>0x1608</run_address>
         <size>0x2fc</size>
         <input_file_ref idref="fl-d4"/>
      </object_component>
      <object_component id="oc-101">
         <name>.debug_line</name>
         <load_address>0x1904</load_address>
         <run_address>0x1904</run_address>
         <size>0x8a</size>
         <input_file_ref idref="fl-d4"/>
      </object_component>
      <object_component id="oc-106">
         <name>.debug_line</name>
         <load_address>0x198e</load_address>
         <run_address>0x198e</run_address>
         <size>0x2c</size>
         <input_file_ref idref="fl-d4"/>
      </object_component>
      <object_component id="oc-4e">
         <name>.debug_line</name>
         <load_address>0x19ba</load_address>
         <run_address>0x19ba</run_address>
         <size>0x79</size>
         <input_file_ref idref="fl-d5"/>
      </object_component>
      <object_component id="oc-58">
         <name>.debug_line</name>
         <load_address>0x1a33</load_address>
         <run_address>0x1a33</run_address>
         <size>0x3d</size>
         <input_file_ref idref="fl-d6"/>
      </object_component>
      <object_component id="oc-61">
         <name>.debug_line</name>
         <load_address>0x1a70</load_address>
         <run_address>0x1a70</run_address>
         <size>0x40</size>
         <input_file_ref idref="fl-d7"/>
      </object_component>
      <object_component id="oc-d5">
         <name>.debug_line</name>
         <load_address>0x1ab0</load_address>
         <run_address>0x1ab0</run_address>
         <size>0x33</size>
         <input_file_ref idref="fl-da"/>
      </object_component>
      <object_component id="oc-15d">
         <name>.debug_line</name>
         <load_address>0x1ae3</load_address>
         <run_address>0x1ae3</run_address>
         <size>0x20</size>
         <input_file_ref idref="fl-dc"/>
      </object_component>
      <object_component id="oc-12a">
         <name>.debug_line</name>
         <load_address>0x1b03</load_address>
         <run_address>0x1b03</run_address>
         <size>0x2b</size>
         <input_file_ref idref="fl-dc"/>
      </object_component>
      <object_component id="oc-125">
         <name>.debug_line</name>
         <load_address>0x1b2e</load_address>
         <run_address>0x1b2e</run_address>
         <size>0x68</size>
         <input_file_ref idref="fl-dc"/>
      </object_component>
      <object_component id="oc-11b">
         <name>.debug_line</name>
         <load_address>0x1b96</load_address>
         <run_address>0x1b96</run_address>
         <size>0x2b</size>
         <input_file_ref idref="fl-dd"/>
      </object_component>
      <object_component id="oc-6d">
         <name>.debug_line</name>
         <load_address>0x1bc1</load_address>
         <run_address>0x1bc1</run_address>
         <size>0x4a</size>
         <input_file_ref idref="fl-dd"/>
      </object_component>
      <object_component id="oc-11f">
         <name>.debug_line</name>
         <load_address>0x1c0b</load_address>
         <run_address>0x1c0b</run_address>
         <size>0x2b</size>
         <input_file_ref idref="fl-dd"/>
      </object_component>
      <object_component id="oc-10e">
         <name>.debug_line</name>
         <load_address>0x1c36</load_address>
         <run_address>0x1c36</run_address>
         <size>0xa9</size>
         <input_file_ref idref="fl-de"/>
      </object_component>
      <object_component id="oc-66">
         <name>.debug_line</name>
         <load_address>0x1cdf</load_address>
         <run_address>0x1cdf</run_address>
         <size>0x8b</size>
         <input_file_ref idref="fl-de"/>
      </object_component>
      <object_component id="oc-112">
         <name>.debug_line</name>
         <load_address>0x1d6a</load_address>
         <run_address>0x1d6a</run_address>
         <size>0x2e</size>
         <input_file_ref idref="fl-de"/>
      </object_component>
      <object_component id="oc-159">
         <name>.debug_line</name>
         <load_address>0x1d98</load_address>
         <run_address>0x1d98</run_address>
         <size>0x8a</size>
         <input_file_ref idref="fl-de"/>
      </object_component>
      <object_component id="oc-117">
         <name>.debug_line</name>
         <load_address>0x1e22</load_address>
         <run_address>0x1e22</run_address>
         <size>0x8b</size>
         <input_file_ref idref="fl-de"/>
      </object_component>
      <object_component id="oc-150">
         <name>.debug_line</name>
         <load_address>0x1ead</load_address>
         <run_address>0x1ead</run_address>
         <size>0x98</size>
         <input_file_ref idref="fl-df"/>
      </object_component>
      <object_component id="oc-ba">
         <name>.debug_line</name>
         <load_address>0x1f45</load_address>
         <run_address>0x1f45</run_address>
         <size>0x68</size>
         <input_file_ref idref="fl-df"/>
      </object_component>
      <object_component id="oc-154">
         <name>.debug_line</name>
         <load_address>0x1fad</load_address>
         <run_address>0x1fad</run_address>
         <size>0x2e</size>
         <input_file_ref idref="fl-df"/>
      </object_component>
      <object_component id="oc-bf">
         <name>.debug_line</name>
         <load_address>0x1fdb</load_address>
         <run_address>0x1fdb</run_address>
         <size>0x3c</size>
         <input_file_ref idref="fl-e2"/>
      </object_component>
      <object_component id="oc-8f">
         <name>.debug_frame</name>
         <load_address>0x0</load_address>
         <run_address>0x0</run_address>
         <size>0x82</size>
         <input_file_ref idref="fl-2"/>
      </object_component>
      <object_component id="oc-e7">
         <name>.debug_frame</name>
         <load_address>0x82</load_address>
         <run_address>0x82</run_address>
         <size>0x10d</size>
         <input_file_ref idref="fl-3"/>
      </object_component>
      <object_component id="oc-c7">
         <name>.debug_frame</name>
         <load_address>0x18f</load_address>
         <run_address>0x18f</run_address>
         <size>0x86</size>
         <input_file_ref idref="fl-5"/>
      </object_component>
      <object_component id="oc-95">
         <name>.debug_frame</name>
         <load_address>0x215</load_address>
         <run_address>0x215</run_address>
         <size>0x92</size>
         <input_file_ref idref="fl-6"/>
      </object_component>
      <object_component id="oc-7c">
         <name>.debug_frame</name>
         <load_address>0x2a7</load_address>
         <run_address>0x2a7</run_address>
         <size>0x69</size>
         <input_file_ref idref="fl-7"/>
      </object_component>
      <object_component id="oc-db">
         <name>.debug_frame</name>
         <load_address>0x310</load_address>
         <run_address>0x310</run_address>
         <size>0x6a</size>
         <input_file_ref idref="fl-8"/>
      </object_component>
      <object_component id="oc-83">
         <name>.debug_frame</name>
         <load_address>0x37a</load_address>
         <run_address>0x37a</run_address>
         <size>0x80</size>
         <input_file_ref idref="fl-9"/>
      </object_component>
      <object_component id="oc-86">
         <name>.debug_frame</name>
         <load_address>0x3fa</load_address>
         <run_address>0x3fa</run_address>
         <size>0x11e</size>
         <input_file_ref idref="fl-a"/>
      </object_component>
      <object_component id="oc-16">
         <name>.debug_frame</name>
         <load_address>0x518</load_address>
         <run_address>0x518</run_address>
         <size>0x60</size>
         <input_file_ref idref="fl-c5"/>
      </object_component>
      <object_component id="oc-1f">
         <name>.debug_frame</name>
         <load_address>0x578</load_address>
         <run_address>0x578</run_address>
         <size>0x51</size>
         <input_file_ref idref="fl-c6"/>
      </object_component>
      <object_component id="oc-22">
         <name>.debug_frame</name>
         <load_address>0x5c9</load_address>
         <run_address>0x5c9</run_address>
         <size>0x51</size>
         <input_file_ref idref="fl-c7"/>
      </object_component>
      <object_component id="oc-73">
         <name>.debug_frame</name>
         <load_address>0x61a</load_address>
         <run_address>0x61a</run_address>
         <size>0x85</size>
         <input_file_ref idref="fl-cb"/>
      </object_component>
      <object_component id="oc-13e">
         <name>.debug_frame</name>
         <load_address>0x69f</load_address>
         <run_address>0x69f</run_address>
         <size>0x13c</size>
         <input_file_ref idref="fl-d4"/>
      </object_component>
      <object_component id="oc-59">
         <name>.debug_frame</name>
         <load_address>0x7db</load_address>
         <run_address>0x7db</run_address>
         <size>0x51</size>
         <input_file_ref idref="fl-d6"/>
      </object_component>
      <object_component id="oc-60">
         <name>.debug_frame</name>
         <load_address>0x82c</load_address>
         <run_address>0x82c</run_address>
         <size>0x51</size>
         <input_file_ref idref="fl-d7"/>
      </object_component>
      <object_component id="oc-124">
         <name>.debug_frame</name>
         <load_address>0x87d</load_address>
         <run_address>0x87d</run_address>
         <size>0x73</size>
         <input_file_ref idref="fl-dc"/>
      </object_component>
      <object_component id="oc-69">
         <name>.debug_frame</name>
         <load_address>0x8f0</load_address>
         <run_address>0x8f0</run_address>
         <size>0x51</size>
         <input_file_ref idref="fl-dd"/>
      </object_component>
      <object_component id="oc-67">
         <name>.debug_frame</name>
         <load_address>0x941</load_address>
         <run_address>0x941</run_address>
         <size>0x5c</size>
         <input_file_ref idref="fl-de"/>
      </object_component>
      <object_component id="oc-b9">
         <name>.debug_frame</name>
         <load_address>0x99d</load_address>
         <run_address>0x99d</run_address>
         <size>0x60</size>
         <input_file_ref idref="fl-df"/>
      </object_component>
      <object_component id="oc-c0">
         <name>.debug_frame</name>
         <load_address>0x9fd</load_address>
         <run_address>0x9fd</run_address>
         <size>0x51</size>
         <input_file_ref idref="fl-e2"/>
      </object_component>
      <object_component id="oc-162">
         <name>.debug_abbrev</name>
         <load_address>0x0</load_address>
         <run_address>0x0</run_address>
         <size>0xa0</size>
         <input_file_ref idref="fl-2"/>
      </object_component>
      <object_component id="oc-14d">
         <name>.debug_abbrev</name>
         <load_address>0xa0</load_address>
         <run_address>0xa0</run_address>
         <size>0x29</size>
         <input_file_ref idref="fl-2"/>
      </object_component>
      <object_component id="oc-f8">
         <name>.debug_abbrev</name>
         <load_address>0xc9</load_address>
         <run_address>0xc9</run_address>
         <size>0xa5</size>
         <input_file_ref idref="fl-2"/>
      </object_component>
      <object_component id="oc-142">
         <name>.debug_abbrev</name>
         <load_address>0x16e</load_address>
         <run_address>0x16e</run_address>
         <size>0x67</size>
         <input_file_ref idref="fl-2"/>
      </object_component>
      <object_component id="oc-14a">
         <name>.debug_abbrev</name>
         <load_address>0x1d5</load_address>
         <run_address>0x1d5</run_address>
         <size>0x97</size>
         <input_file_ref idref="fl-2"/>
      </object_component>
      <object_component id="oc-e3">
         <name>.debug_abbrev</name>
         <load_address>0x26c</load_address>
         <run_address>0x26c</run_address>
         <size>0xbd</size>
         <input_file_ref idref="fl-2"/>
      </object_component>
      <object_component id="oc-3b">
         <name>.debug_abbrev</name>
         <load_address>0x329</load_address>
         <run_address>0x329</run_address>
         <size>0x1f</size>
         <input_file_ref idref="fl-2"/>
      </object_component>
      <object_component id="oc-f2">
         <name>.debug_abbrev</name>
         <load_address>0x348</load_address>
         <run_address>0x348</run_address>
         <size>0x35</size>
         <input_file_ref idref="fl-2"/>
      </object_component>
      <object_component id="oc-168">
         <name>.debug_abbrev</name>
         <load_address>0x37d</load_address>
         <run_address>0x37d</run_address>
         <size>0xc8</size>
         <input_file_ref idref="fl-3"/>
      </object_component>
      <object_component id="oc-13f">
         <name>.debug_abbrev</name>
         <load_address>0x445</load_address>
         <run_address>0x445</run_address>
         <size>0x7c</size>
         <input_file_ref idref="fl-3"/>
      </object_component>
      <object_component id="oc-16c">
         <name>.debug_abbrev</name>
         <load_address>0x4c1</load_address>
         <run_address>0x4c1</run_address>
         <size>0x5a</size>
         <input_file_ref idref="fl-3"/>
      </object_component>
      <object_component id="oc-ae">
         <name>.debug_abbrev</name>
         <load_address>0x51b</load_address>
         <run_address>0x51b</run_address>
         <size>0x24</size>
         <input_file_ref idref="fl-4"/>
      </object_component>
      <object_component id="oc-160">
         <name>.debug_abbrev</name>
         <load_address>0x53f</load_address>
         <run_address>0x53f</run_address>
         <size>0xe8</size>
         <input_file_ref idref="fl-5"/>
      </object_component>
      <object_component id="oc-136">
         <name>.debug_abbrev</name>
         <load_address>0x627</load_address>
         <run_address>0x627</run_address>
         <size>0x29</size>
         <input_file_ref idref="fl-5"/>
      </object_component>
      <object_component id="oc-119">
         <name>.debug_abbrev</name>
         <load_address>0x650</load_address>
         <run_address>0x650</run_address>
         <size>0xa5</size>
         <input_file_ref idref="fl-5"/>
      </object_component>
      <object_component id="oc-f9">
         <name>.debug_abbrev</name>
         <load_address>0x6f5</load_address>
         <run_address>0x6f5</run_address>
         <size>0xa5</size>
         <input_file_ref idref="fl-6"/>
      </object_component>
      <object_component id="oc-fa">
         <name>.debug_abbrev</name>
         <load_address>0x79a</load_address>
         <run_address>0x79a</run_address>
         <size>0x73</size>
         <input_file_ref idref="fl-7"/>
      </object_component>
      <object_component id="oc-96">
         <name>.debug_abbrev</name>
         <load_address>0x80d</load_address>
         <run_address>0x80d</run_address>
         <size>0x29</size>
         <input_file_ref idref="fl-7"/>
      </object_component>
      <object_component id="oc-dc">
         <name>.debug_abbrev</name>
         <load_address>0x836</load_address>
         <run_address>0x836</run_address>
         <size>0x89</size>
         <input_file_ref idref="fl-7"/>
      </object_component>
      <object_component id="oc-15e">
         <name>.debug_abbrev</name>
         <load_address>0x8bf</load_address>
         <run_address>0x8bf</run_address>
         <size>0x29</size>
         <input_file_ref idref="fl-8"/>
      </object_component>
      <object_component id="oc-132">
         <name>.debug_abbrev</name>
         <load_address>0x8e8</load_address>
         <run_address>0x8e8</run_address>
         <size>0x8b</size>
         <input_file_ref idref="fl-8"/>
      </object_component>
      <object_component id="oc-e0">
         <name>.debug_abbrev</name>
         <load_address>0x973</load_address>
         <run_address>0x973</run_address>
         <size>0xa5</size>
         <input_file_ref idref="fl-9"/>
      </object_component>
      <object_component id="oc-146">
         <name>.debug_abbrev</name>
         <load_address>0xa18</load_address>
         <run_address>0xa18</run_address>
         <size>0xea</size>
         <input_file_ref idref="fl-a"/>
      </object_component>
      <object_component id="oc-ef">
         <name>.debug_abbrev</name>
         <load_address>0xb02</load_address>
         <run_address>0xb02</run_address>
         <size>0xb0</size>
         <input_file_ref idref="fl-a"/>
      </object_component>
      <object_component id="oc-77">
         <name>.debug_abbrev</name>
         <load_address>0xbb2</load_address>
         <run_address>0xbb2</run_address>
         <size>0x3e</size>
         <input_file_ref idref="fl-c4"/>
      </object_component>
      <object_component id="oc-108">
         <name>.debug_abbrev</name>
         <load_address>0xbf0</load_address>
         <run_address>0xbf0</run_address>
         <size>0x37</size>
         <input_file_ref idref="fl-c5"/>
      </object_component>
      <object_component id="oc-33">
         <name>.debug_abbrev</name>
         <load_address>0xc27</load_address>
         <run_address>0xc27</run_address>
         <size>0x6f</size>
         <input_file_ref idref="fl-c5"/>
      </object_component>
      <object_component id="oc-36">
         <name>.debug_abbrev</name>
         <load_address>0xc96</load_address>
         <run_address>0xc96</run_address>
         <size>0x24</size>
         <input_file_ref idref="fl-c5"/>
      </object_component>
      <object_component id="oc-9f">
         <name>.debug_abbrev</name>
         <load_address>0xcba</load_address>
         <run_address>0xcba</run_address>
         <size>0x35</size>
         <input_file_ref idref="fl-c5"/>
      </object_component>
      <object_component id="oc-a9">
         <name>.debug_abbrev</name>
         <load_address>0xcef</load_address>
         <run_address>0xcef</run_address>
         <size>0x5d</size>
         <input_file_ref idref="fl-c6"/>
      </object_component>
      <object_component id="oc-43">
         <name>.debug_abbrev</name>
         <load_address>0xd4c</load_address>
         <run_address>0xd4c</run_address>
         <size>0x74</size>
         <input_file_ref idref="fl-c6"/>
      </object_component>
      <object_component id="oc-46">
         <name>.debug_abbrev</name>
         <load_address>0xdc0</load_address>
         <run_address>0xdc0</run_address>
         <size>0x24</size>
         <input_file_ref idref="fl-c6"/>
      </object_component>
      <object_component id="oc-a6">
         <name>.debug_abbrev</name>
         <load_address>0xde4</load_address>
         <run_address>0xde4</run_address>
         <size>0x24</size>
         <input_file_ref idref="fl-c6"/>
      </object_component>
      <object_component id="oc-b1">
         <name>.debug_abbrev</name>
         <load_address>0xe08</load_address>
         <run_address>0xe08</run_address>
         <size>0x5d</size>
         <input_file_ref idref="fl-c7"/>
      </object_component>
      <object_component id="oc-4f">
         <name>.debug_abbrev</name>
         <load_address>0xe65</load_address>
         <run_address>0xe65</run_address>
         <size>0x74</size>
         <input_file_ref idref="fl-c7"/>
      </object_component>
      <object_component id="oc-52">
         <name>.debug_abbrev</name>
         <load_address>0xed9</load_address>
         <run_address>0xed9</run_address>
         <size>0x24</size>
         <input_file_ref idref="fl-c7"/>
      </object_component>
      <object_component id="oc-12d">
         <name>.debug_abbrev</name>
         <load_address>0xefd</load_address>
         <run_address>0xefd</run_address>
         <size>0xb3</size>
         <input_file_ref idref="fl-cb"/>
      </object_component>
      <object_component id="oc-121">
         <name>.debug_abbrev</name>
         <load_address>0xfb0</load_address>
         <run_address>0xfb0</run_address>
         <size>0x29</size>
         <input_file_ref idref="fl-cb"/>
      </object_component>
      <object_component id="oc-d1">
         <name>.debug_abbrev</name>
         <load_address>0xfd9</load_address>
         <run_address>0xfd9</run_address>
         <size>0xba</size>
         <input_file_ref idref="fl-cb"/>
      </object_component>
      <object_component id="oc-a3">
         <name>.debug_abbrev</name>
         <load_address>0x1093</load_address>
         <run_address>0x1093</run_address>
         <size>0x3e</size>
         <input_file_ref idref="fl-d3"/>
      </object_component>
      <object_component id="oc-fc">
         <name>.debug_abbrev</name>
         <load_address>0x10d1</load_address>
         <run_address>0x10d1</run_address>
         <size>0xd6</size>
         <input_file_ref idref="fl-d4"/>
      </object_component>
      <object_component id="oc-99">
         <name>.debug_abbrev</name>
         <load_address>0x11a7</load_address>
         <run_address>0x11a7</run_address>
         <size>0x29</size>
         <input_file_ref idref="fl-d4"/>
      </object_component>
      <object_component id="oc-16f">
         <name>.debug_abbrev</name>
         <load_address>0x11d0</load_address>
         <run_address>0x11d0</run_address>
         <size>0x27</size>
         <input_file_ref idref="fl-d4"/>
      </object_component>
      <object_component id="oc-167">
         <name>.debug_abbrev</name>
         <load_address>0x11f7</load_address>
         <run_address>0x11f7</run_address>
         <size>0x11a</size>
         <input_file_ref idref="fl-d4"/>
      </object_component>
      <object_component id="oc-100">
         <name>.debug_abbrev</name>
         <load_address>0x1311</load_address>
         <run_address>0x1311</run_address>
         <size>0x24</size>
         <input_file_ref idref="fl-d4"/>
      </object_component>
      <object_component id="oc-105">
         <name>.debug_abbrev</name>
         <load_address>0x1335</load_address>
         <run_address>0x1335</run_address>
         <size>0x4b</size>
         <input_file_ref idref="fl-d4"/>
      </object_component>
      <object_component id="oc-ab">
         <name>.debug_abbrev</name>
         <load_address>0x1380</load_address>
         <run_address>0x1380</run_address>
         <size>0x4f</size>
         <input_file_ref idref="fl-d5"/>
      </object_component>
      <object_component id="oc-b3">
         <name>.debug_abbrev</name>
         <load_address>0x13cf</load_address>
         <run_address>0x13cf</run_address>
         <size>0x53</size>
         <input_file_ref idref="fl-d6"/>
      </object_component>
      <object_component id="oc-b4">
         <name>.debug_abbrev</name>
         <load_address>0x1422</load_address>
         <run_address>0x1422</run_address>
         <size>0x55</size>
         <input_file_ref idref="fl-d7"/>
      </object_component>
      <object_component id="oc-d4">
         <name>.debug_abbrev</name>
         <load_address>0x1477</load_address>
         <run_address>0x1477</run_address>
         <size>0x27</size>
         <input_file_ref idref="fl-da"/>
      </object_component>
      <object_component id="oc-15c">
         <name>.debug_abbrev</name>
         <load_address>0x149e</load_address>
         <run_address>0x149e</run_address>
         <size>0x50</size>
         <input_file_ref idref="fl-dc"/>
      </object_component>
      <object_component id="oc-129">
         <name>.debug_abbrev</name>
         <load_address>0x14ee</load_address>
         <run_address>0x14ee</run_address>
         <size>0x29</size>
         <input_file_ref idref="fl-dc"/>
      </object_component>
      <object_component id="oc-15b">
         <name>.debug_abbrev</name>
         <load_address>0x1517</load_address>
         <run_address>0x1517</run_address>
         <size>0x6f</size>
         <input_file_ref idref="fl-dc"/>
      </object_component>
      <object_component id="oc-11a">
         <name>.debug_abbrev</name>
         <load_address>0x1586</load_address>
         <run_address>0x1586</run_address>
         <size>0x99</size>
         <input_file_ref idref="fl-dd"/>
      </object_component>
      <object_component id="oc-c9">
         <name>.debug_abbrev</name>
         <load_address>0x161f</load_address>
         <run_address>0x161f</run_address>
         <size>0x68</size>
         <input_file_ref idref="fl-dd"/>
      </object_component>
      <object_component id="oc-11e">
         <name>.debug_abbrev</name>
         <load_address>0x1687</load_address>
         <run_address>0x1687</run_address>
         <size>0x49</size>
         <input_file_ref idref="fl-dd"/>
      </object_component>
      <object_component id="oc-10d">
         <name>.debug_abbrev</name>
         <load_address>0x16d0</load_address>
         <run_address>0x16d0</run_address>
         <size>0xb9</size>
         <input_file_ref idref="fl-de"/>
      </object_component>
      <object_component id="oc-c1">
         <name>.debug_abbrev</name>
         <load_address>0x1789</load_address>
         <run_address>0x1789</run_address>
         <size>0x7e</size>
         <input_file_ref idref="fl-de"/>
      </object_component>
      <object_component id="oc-111">
         <name>.debug_abbrev</name>
         <load_address>0x1807</load_address>
         <run_address>0x1807</run_address>
         <size>0x24</size>
         <input_file_ref idref="fl-de"/>
      </object_component>
      <object_component id="oc-158">
         <name>.debug_abbrev</name>
         <load_address>0x182b</load_address>
         <run_address>0x182b</run_address>
         <size>0x24</size>
         <input_file_ref idref="fl-de"/>
      </object_component>
      <object_component id="oc-116">
         <name>.debug_abbrev</name>
         <load_address>0x184f</load_address>
         <run_address>0x184f</run_address>
         <size>0x4b</size>
         <input_file_ref idref="fl-de"/>
      </object_component>
      <object_component id="oc-14f">
         <name>.debug_abbrev</name>
         <load_address>0x189a</load_address>
         <run_address>0x189a</run_address>
         <size>0xa7</size>
         <input_file_ref idref="fl-df"/>
      </object_component>
      <object_component id="oc-10a">
         <name>.debug_abbrev</name>
         <load_address>0x1941</load_address>
         <run_address>0x1941</run_address>
         <size>0x8c</size>
         <input_file_ref idref="fl-df"/>
      </object_component>
      <object_component id="oc-153">
         <name>.debug_abbrev</name>
         <load_address>0x19cd</load_address>
         <run_address>0x19cd</run_address>
         <size>0x24</size>
         <input_file_ref idref="fl-df"/>
      </object_component>
      <object_component id="oc-10c">
         <name>.debug_abbrev</name>
         <load_address>0x19f1</load_address>
         <run_address>0x19f1</run_address>
         <size>0x53</size>
         <input_file_ref idref="fl-e2"/>
      </object_component>
      <object_component id="oc-19d">
         <name>.debug_abbrev</name>
         <load_address>0x1a44</load_address>
         <run_address>0x1a44</run_address>
         <size>0xf</size>
      </object_component>
      <object_component id="oc-144">
         <name>.debug_str</name>
         <load_address>0x0</load_address>
         <run_address>0x0</run_address>
         <size>0x15e</size>
         <input_file_ref idref="fl-2"/>
      </object_component>
      <object_component id="oc-14c">
         <name>.debug_str</name>
         <load_address>0x15e</load_address>
         <run_address>0x15e</run_address>
         <size>0x49d</size>
         <input_file_ref idref="fl-2"/>
      </object_component>
      <object_component id="oc-e5">
         <name>.debug_str</name>
         <load_address>0x5fb</load_address>
         <run_address>0x5fb</run_address>
         <size>0x15e1</size>
         <input_file_ref idref="fl-2"/>
      </object_component>
      <object_component id="oc-3d">
         <name>.debug_str</name>
         <load_address>0x1bdc</load_address>
         <run_address>0x1bdc</run_address>
         <size>0xfa</size>
         <input_file_ref idref="fl-2"/>
      </object_component>
      <object_component id="oc-f4">
         <name>.debug_str</name>
         <load_address>0x1cd6</load_address>
         <run_address>0x1cd6</run_address>
         <size>0x237</size>
         <input_file_ref idref="fl-2"/>
      </object_component>
      <object_component id="oc-16e">
         <name>.debug_str</name>
         <load_address>0x1f0d</load_address>
         <run_address>0x1f0d</run_address>
         <size>0x13e</size>
         <input_file_ref idref="fl-3"/>
      </object_component>
      <object_component id="oc-b0">
         <name>.debug_str</name>
         <load_address>0x204b</load_address>
         <run_address>0x204b</run_address>
         <size>0xfa</size>
         <input_file_ref idref="fl-4"/>
      </object_component>
      <object_component id="oc-38">
         <name>.debug_str</name>
         <load_address>0x2145</load_address>
         <run_address>0x2145</run_address>
         <size>0x10d</size>
         <input_file_ref idref="fl-c5"/>
      </object_component>
      <object_component id="oc-a1">
         <name>.debug_str</name>
         <load_address>0x2252</load_address>
         <run_address>0x2252</run_address>
         <size>0x14a</size>
         <input_file_ref idref="fl-c5"/>
      </object_component>
      <object_component id="oc-48">
         <name>.debug_str</name>
         <load_address>0x239c</load_address>
         <run_address>0x239c</run_address>
         <size>0x100</size>
         <input_file_ref idref="fl-c6"/>
      </object_component>
      <object_component id="oc-a8">
         <name>.debug_str</name>
         <load_address>0x249c</load_address>
         <run_address>0x249c</run_address>
         <size>0x12d</size>
         <input_file_ref idref="fl-c6"/>
      </object_component>
      <object_component id="oc-54">
         <name>.debug_str</name>
         <load_address>0x25c9</load_address>
         <run_address>0x25c9</run_address>
         <size>0xfa</size>
         <input_file_ref idref="fl-c7"/>
      </object_component>
      <object_component id="oc-102">
         <name>.debug_str</name>
         <load_address>0x26c3</load_address>
         <run_address>0x26c3</run_address>
         <size>0x12d</size>
         <input_file_ref idref="fl-d4"/>
      </object_component>
      <object_component id="oc-107">
         <name>.debug_str</name>
         <load_address>0x27f0</load_address>
         <run_address>0x27f0</run_address>
         <size>0xe9</size>
         <input_file_ref idref="fl-d4"/>
      </object_component>
      <object_component id="oc-120">
         <name>.debug_str</name>
         <load_address>0x28d9</load_address>
         <run_address>0x28d9</run_address>
         <size>0xd6</size>
         <input_file_ref idref="fl-dd"/>
      </object_component>
      <object_component id="oc-113">
         <name>.debug_str</name>
         <load_address>0x29af</load_address>
         <run_address>0x29af</run_address>
         <size>0xe2</size>
         <input_file_ref idref="fl-de"/>
      </object_component>
      <object_component id="oc-15a">
         <name>.debug_str</name>
         <load_address>0x2a91</load_address>
         <run_address>0x2a91</run_address>
         <size>0x138</size>
         <input_file_ref idref="fl-de"/>
      </object_component>
      <object_component id="oc-118">
         <name>.debug_str</name>
         <load_address>0x2bc9</load_address>
         <run_address>0x2bc9</run_address>
         <size>0x184</size>
         <input_file_ref idref="fl-de"/>
      </object_component>
      <object_component id="oc-155">
         <name>.debug_str</name>
         <load_address>0x2d4d</load_address>
         <run_address>0x2d4d</run_address>
         <size>0xd7</size>
         <input_file_ref idref="fl-df"/>
      </object_component>
      <object_component id="oc-8c">
         <name>.debug_aranges</name>
         <load_address>0x0</load_address>
         <run_address>0x0</run_address>
         <size>0x30</size>
         <input_file_ref idref="fl-2"/>
      </object_component>
      <object_component id="oc-ea">
         <name>.debug_aranges</name>
         <load_address>0x30</load_address>
         <run_address>0x30</run_address>
         <size>0x58</size>
         <input_file_ref idref="fl-3"/>
      </object_component>
      <object_component id="oc-c6">
         <name>.debug_aranges</name>
         <load_address>0x88</load_address>
         <run_address>0x88</run_address>
         <size>0x30</size>
[...]
         <name>__TI_decompress_none</name>
      </handler>
      <handler>
         <index>0x2</index>
         <name>__TI_zero_init</name>
      </handler>
   </handler_table>
   <symbol_table>
      <symbol id="sm-1">
         <name>WDTCTL_SYM</name>
         <value>0x4000480c</value>
      </symbol>
      <symbol id="sm-2">
         <name>__TI_CINIT_Base</name>
         <value>0x17a0</value>
      </symbol>
      <symbol id="sm-3">
         <name>__TI_CINIT_Limit</name>
         <value>0x17b0</value>
      </symbol>
      <symbol id="sm-4">
         <name>__TI_Handler_Table_Base</name>
         <value>0x178c</value>
      </symbol>
      <symbol id="sm-5">
         <name>__TI_Handler_Table_Limit</name>
         <value>0x1798</value>
      </symbol>
      <symbol id="sm-6">
         <name>binit</name>
         <value>0xffffffff</value>
      </symbol>
      <symbol id="sm-7">
         <name>__binit__</name>
         <value>0xffffffff</value>
      </symbol>
      <symbol id="sm-8">
         <name>__STACK_SIZE</name>
         <value>0x200</value>
      </symbol>
      <symbol id="sm-9">
         <name>__STACK_END</name>
         <value>0x20010000</value>
      </symbol>
      <symbol id="sm-a">
         <name>__SYSMEM_SIZE</name>
         <value>0x400</value>
      </symbol>
      <symbol id="sm-b">
         <name>__c_args__</name>
         <value>0xffffffff</value>
      </symbol>
      <symbol id="sm-c">
         <name>__TI_pprof_out_hndl</name>
         <value>0xffffffff</value>
      </symbol>
      <symbol id="sm-d">
         <name>__TI_prof_data_start</name>
         <value>0xffffffff</value>
      </symbol>
      <symbol id="sm-e">
         <name>__TI_prof_data_size</name>
         <value>0xffffffff</value>
      </symbol>
      <symbol id="sm-6d">
         <name>adc_config</name>
         <value>0x106d</value>
         <object_component_ref idref="oc-8a"/>
      </symbol>
      <symbol id="sm-6e">
         <name>accelY</name>
         <value>0x2000042a</value>
         <object_component_ref idref="oc-f5"/>
      </symbol>
      <symbol id="sm-6f">
         <name>accelX</name>
         <value>0x20000428</value>
         <object_component_ref idref="oc-f5"/>
      </symbol>
      <symbol id="sm-70">
         <name>ADC14_IRQHandler</name>
         <value>0x1103</value>
         <object_component_ref idref="oc-8a"/>
      </symbol>
      <symbol id="sm-af">
         <name>CB_is_buffer_full</name>
         <value>0xcb3</value>
         <object_component_ref idref="oc-e6"/>
      </symbol>
      <symbol id="sm-b0">
         <name>CB_clear_buffer</name>
         <value>0xc1f</value>
         <object_component_ref idref="oc-e6"/>
      </symbol>
      <symbol id="sm-b1">
         <name>CB_delete_buffer</name>
         <value>0xc85</value>
         <object_component_ref idref="oc-e6"/>
      </symbol>
      <symbol id="sm-b2">
         <name>CB_add_item_to_buffer</name>
         <value>0xcf5</value>
         <object_component_ref idref="oc-e6"/>
      </symbol>
      <symbol id="sm-b3">
         <name>CB_remove_item_from_buffer</name>
         <value>0xd5f</value>
         <object_component_ref idref="oc-e6"/>
      </symbol>
      <symbol id="sm-b4">
         <name>CB_copy_buffer</name>
         <value>0xdd7</value>
         <object_component_ref idref="oc-e6"/>
      </symbol>
      <symbol id="sm-b5">
         <name>CB_initialize_buffer</name>
         <value>0xbb9</value>
         <object_component_ref idref="oc-e6"/>
      </symbol>
      <symbol id="sm-b6">
         <name>CB_is_buffer_empty</name>
         <value>0xcd7</value>
         <object_component_ref idref="oc-e6"/>
      </symbol>
      <symbol id="sm-e4">
         <name>Ranged_Controls</name>
         <value>0x20000434</value>
      </symbol>
      <symbol id="sm-e5">
         <name>Ranged</name>
         <value>0x20000420</value>
         <object_component_ref idref="oc-dd"/>
      </symbol>
      <symbol id="sm-e6">
         <name>timer_count</name>
         <value>0x20000424</value>
         <object_component_ref idref="oc-dd"/>
      </symbol>
      <symbol id="sm-e7">
         <name>flags</name>
         <value>0x20000426</value>
         <object_component_ref idref="oc-dd"/>
      </symbol>
      <symbol id="sm-e8">
         <name>main</name>
         <value>0x139d</value>
         <object_component_ref idref="oc-c3"/>
      </symbol>
      <symbol id="sm-e9">
         <name>data</name>
         <value>0x20000425</value>
         <object_component_ref idref="oc-dd"/>
      </symbol>
      <symbol id="sm-115">
         <name>port_config</name>
         <value>0xe7d</value>
         <object_component_ref idref="oc-90"/>
      </symbol>
      <symbol id="sm-116">
         <name>PORT5_IRQHandler</name>
         <value>0xfbb</value>
         <object_component_ref idref="oc-90"/>
      </symbol>
      <symbol id="sm-117">
         <name>PORT3_IRQHandler</name>
         <value>0xfa5</value>
         <object_component_ref idref="oc-90"/>
      </symbol>
      <symbol id="sm-12c">
         <name>Reset_Handler</name>
         <value>0x174b</value>
         <object_component_ref idref="oc-78"/>
      </symbol>
      <symbol id="sm-12d">
         <name>Default_Handler</name>
         <value>0x1757</value>
         <object_component_ref idref="oc-78"/>
      </symbol>
      <symbol id="sm-12e">
         <name>interruptVectors</name>
         <value>0x0</value>
         <object_component_ref idref="oc-2c"/>
      </symbol>
      <symbol id="sm-174">
         <name>SystemInit</name>
         <value>0xb01</value>
         <object_component_ref idref="oc-d6"/>
      </symbol>
      <symbol id="sm-175">
         <name>SystemCoreClockUpdate</name>
         <value>0x88d</value>
         <object_component_ref idref="oc-d6"/>
      </symbol>
      <symbol id="sm-176">
         <name>SystemCoreClock</name>
         <value>0x20000430</value>
         <object_component_ref idref="oc-12f"/>
      </symbol>
      <symbol id="sm-193">
         <name>TA0_0_IRQHandler</name>
         <value>0x12b7</value>
         <object_component_ref idref="oc-7e"/>
      </symbol>
      <symbol id="sm-194">
         <name>timer_config</name>
         <value>0x1239</value>
         <object_component_ref idref="oc-7e"/>
      </symbol>
      <symbol id="sm-1e1">
         <name>command</name>
         <value>0x20000448</value>
      </symbol>
      <symbol id="sm-1e2">
         <name>uart_config</name>
         <value>0x145</value>
         <object_component_ref idref="oc-84"/>
      </symbol>
      <symbol id="sm-1e3">
         <name>Bluetooth_send_byte</name>
         <value>0x45d</value>
         <object_component_ref idref="oc-84"/>
      </symbol>
      <symbol id="sm-1e4">
         <name>EUSCIA2_IRQHandler</name>
         <value>0x35b</value>
         <object_component_ref idref="oc-84"/>
      </symbol>
      <symbol id="sm-1e5">
         <name>Terminal_send_n</name>
         <value>0x3d1</value>
         <object_component_ref idref="oc-84"/>
      </symbol>
      <symbol id="sm-1e6">
         <name>EUSCIA0_IRQHandler</name>
         <value>0x1d9</value>
         <object_component_ref idref="oc-84"/>
      </symbol>
      <symbol id="sm-1e7">
         <name>Bluetooth_send_n</name>
         <value>0x425</value>
         <object_component_ref idref="oc-84"/>
      </symbol>
      <symbol id="sm-1e8">
         <name>Terminal_send_byte</name>
         <value>0x401</value>
         <object_component_ref idref="oc-84"/>
      </symbol>
      <symbol id="sm-1f9">
         <name>_c_int00</name>
         <value>0x161d</value>
         <object_component_ref idref="oc-26"/>
      </symbol>
      <symbol id="sm-1fa">
         <name>__stack</name>
         <value>0x2000fe00</value>
         <object_component_ref idref="oc-2f"/>
      </symbol>
      <symbol id="sm-218">
         <name>__TI_decompress_lzss</name>
         <value>0x15b5</value>
         <object_component_ref idref="oc-14"/>
      </symbol>
      <symbol id="sm-22f">
         <name>__TI_decompress_none</name>
         <value>0x173d</value>
         <object_component_ref idref="oc-1a"/>
      </symbol>
      <symbol id="sm-241">
         <name>__TI_zero_init</name>
         <value>0x1759</value>
         <object_component_ref idref="oc-20"/>
      </symbol>
      <symbol id="sm-265">
         <name>C$$EXIT</name>
         <value>0x1671</value>
         <object_component_ref idref="oc-6e"/>
      </symbol>
      <symbol id="sm-266">
         <name>abort</name>
         <value>0x1675</value>
         <object_component_ref idref="oc-6e"/>
      </symbol>
      <symbol id="sm-267">
         <name>exit</name>
         <value>0x167d</value>
         <object_component_ref idref="oc-6e"/>
      </symbol>
      <symbol id="sm-268">
         <name>__TI_dtors_ptr</name>
         <value>0x20000404</value>
         <object_component_ref idref="oc-cb"/>
      </symbol>
      <symbol id="sm-269">
         <name>__TI_cleanup_ptr</name>
         <value>0x20000400</value>
         <object_component_ref idref="oc-cb"/>
      </symbol>
      <symbol id="sm-26a">
         <name>__TI_enable_exit_profile_output</name>
         <value>0x20000408</value>
         <object_component_ref idref="oc-cb"/>
      </symbol>
      <symbol id="sm-28c">
         <name>memcpy</name>
         <value>0x142d</value>
         <object_component_ref idref="oc-3e"/>
      </symbol>
      <symbol id="sm-28d">
         <name>__aeabi_memcpy</name>
         <value>0x142d</value>
         <object_component_ref idref="oc-3e"/>
      </symbol>
      <symbol id="sm-28e">
         <name>__aeabi_memcpy8</name>
         <value>0x142d</value>
         <object_component_ref idref="oc-3e"/>
      </symbol>
      <symbol id="sm-28f">
         <name>__aeabi_memcpy4</name>
         <value>0x142d</value>
         <object_component_ref idref="oc-3e"/>
      </symbol>
      <symbol id="sm-303">
         <name>_sys_memory</name>
         <value>0x20000000</value>
         <object_component_ref idref="oc-30"/>
      </symbol>
      <symbol id="sm-304">
         <name>free</name>
         <value>0x5a7</value>
         <object_component_ref idref="oc-139"/>
      </symbol>
      <symbol id="sm-305">
         <name>realloc</name>
         <value>0x669</value>
         <object_component_ref idref="oc-139"/>
      </symbol>
      <symbol id="sm-306">
         <name>memalign</name>
         <value>0x771</value>
         <object_component_ref idref="oc-139"/>
      </symbol>
      <symbol id="sm-307">
         <name>calloc</name>
         <value>0x85d</value>
         <object_component_ref idref="oc-139"/>
      </symbol>
      <symbol id="sm-308">
         <name>malloc</name>
         <value>0x53d</value>
         <object_component_ref idref="oc-139"/>
      </symbol>
      <symbol id="sm-309">
         <name>minit</name>
         <value>0x4bd</value>
         <object_component_ref idref="oc-139"/>
      </symbol>
      <symbol id="sm-318">
         <name>__aeabi_memset</name>
         <value>0x14cb</value>
         <object_component_ref idref="oc-4a"/>
      </symbol>
      <symbol id="sm-319">
         <name>memset</name>
         <value>0x14d1</value>
         <object_component_ref idref="oc-4a"/>
      </symbol>
      <symbol id="sm-31a">
         <name>__aeabi_memset8</name>
         <value>0x14cb</value>
         <object_component_ref idref="oc-4a"/>
      </symbol>
      <symbol id="sm-31b">
         <name>__aeabi_memset4</name>
         <value>0x14cb</value>
         <object_component_ref idref="oc-4a"/>
      </symbol>
      <symbol id="sm-31c">
         <name>__aeabi_memclr8</name>
         <value>0x14c9</value>
         <object_component_ref idref="oc-4a"/>
      </symbol>
      <symbol id="sm-31d">
         <name>__aeabi_memclr4</name>
         <value>0x14c9</value>
         <object_component_ref idref="oc-4a"/>
      </symbol>
      <symbol id="sm-31e">
         <name>__aeabi_memclr</name>
         <value>0x14c9</value>
         <object_component_ref idref="oc-4a"/>
      </symbol>
      <symbol id="sm-328">
         <name>__mpu_init</name>
         <value>0xe4f</value>
         <object_component_ref idref="oc-56"/>
      </symbol>
      <symbol id="sm-332">
         <name>_system_pre_init</name>
         <value>0x1765</value>
         <object_component_ref idref="oc-5c"/>
      </symbol>
      <symbol id="sm-33c">
         <name>main_func_sp</name>
         <value>0x2000042c</value>
         <object_component_ref idref="oc-74"/>
      </symbol>
      <symbol id="sm-356">
         <name>_nop</name>
         <value>0x1737</value>
         <object_component_ref idref="oc-123"/>
      </symbol>
      <symbol id="sm-357">
         <name>_lock</name>
         <value>0x20000418</value>
         <object_component_ref idref="oc-ce"/>
      </symbol>
      <symbol id="sm-358">
         <name>_unlock</name>
         <value>0x2000041c</value>
         <object_component_ref idref="oc-ce"/>
      </symbol>
      <symbol id="sm-359">
         <name>_register_lock</name>
         <value>0x172f</value>
         <object_component_ref idref="oc-123"/>
      </symbol>
      <symbol id="sm-35a">
         <name>_register_unlock</name>
         <value>0x1729</value>
         <object_component_ref idref="oc-123"/>
      </symbol>
      <symbol id="sm-36e">
         <name>_args_main</name>
         <value>0x1711</value>
         <object_component_ref idref="oc-68"/>
      </symbol>
      <symbol id="sm-398">
         <name>__TI_auto_init</name>
         <value>0x1545</value>
         <object_component_ref idref="oc-62"/>
      </symbol>
      <symbol id="sm-3b2">
         <name>copy_in</name>
         <value>0x16c5</value>
         <object_component_ref idref="oc-b5"/>
      </symbol>
      <symbol id="sm-3be">
         <name>_system_post_cinit</name>
         <value>0x1543</value>
         <object_component_ref idref="oc-bb"/>
      </symbol>
      <symbol id="sm-3bf">
         <name>__TI_static_base__</name>
         <value>0x0</value>
      </symbol>
      <symbol id="sm-3c2">
         <name>SHT$$INIT_ARRAY$$Limit</name>
         <value>0x0</value>
      </symbol>
      <symbol id="sm-3c3">
         <name>SHT$$INIT_ARRAY$$Base</name>
         <value>0x0</value>
      </symbol>
      <symbol id="sm-3c4">
         <name>NMI_Handler</name>
         <value>0x1757</value>
      </symbol>
      <symbol id="sm-3c5">
         <name>HardFault_Handler</name>
         <value>0x1757</value>
      </symbol>
      <symbol id="sm-3c6">
         <name>MemManage_Handler</name>
         <value>0x1757</value>
      </symbol>
      <symbol id="sm-3c7">
         <name>BusFault_Handler</name>
         <value>0x1757</value>
      </symbol>
      <symbol id="sm-3c8">
         <name>UsageFault_Handler</name>
         <value>0x1757</value>
      </symbol>
      <symbol id="sm-3c9">
         <name>SVC_Handler</name>
         <value>0x1757</value>
      </symbol>
      <symbol id="sm-3ca">
         <name>DebugMon_Handler</name>
         <value>0x1757</value>
      </symbol>
      <symbol id="sm-3cb">
         <name>PendSV_Handler</name>
         <value>0x1757</value>
      </symbol>
      <symbol id="sm-3cc">
         <name>SysTick_Handler</name>
         <value>0x1757</value>
      </symbol>
      <symbol id="sm-3cd">
         <name>PSS_IRQHandler</name>
         <value>0x1757</value>
      </symbol>
      <symbol id="sm-3ce">
         <name>CS_IRQHandler</name>
         <value>0x1757</value>
      </symbol>
      <symbol id="sm-3cf">
         <name>PCM_IRQHandler</name>
         <value>0x1757</value>
      </symbol>
      <symbol id="sm-3d0">
         <name>WDT_A_IRQHandler</name>
         <value>0x1757</value>
      </symbol>
      <symbol id="sm-3d1">
         <name>FPU_IRQHandler</name>
         <value>0x1757</value>
      </symbol>
      <symbol id="sm-3d2">
         <name>FLCTL_IRQHandler</name>
         <value>0x1757</value>
      </symbol>
      <symbol id="sm-3d3">
         <name>COMP_E0_IRQHandler</name>
         <value>0x1757</value>
      </symbol>
      <symbol id="sm-3d4">
         <name>COMP_E1_IRQHandler</name>
         <value>0x1757</value>
      </symbol>
      <symbol id="sm-3d5">
         <name>TA0_0_IRQHandler</name>
         <value>0x12b7</value>
      </symbol>
      <symbol id="sm-3d6">
         <name>TA0_N_IRQHandler</name>
         <value>0x1757</value>
      </symbol>
      <symbol id="sm-3d7">
         <name>TA1_0_IRQHandler</name>
         <value>0x1757</value>
      </symbol>
      <symbol id="sm-3d8">
         <name>TA1_N_IRQHandler</name>
         <value>0x1757</value>
      </symbol>
      <symbol id="sm-3d9">
         <name>TA2_0_IRQHandler</name>
         <value>0x1757</value>
      </symbol>
      <symbol id="sm-3da">
         <name>TA2_N_IRQHandler</name>
         <value>0x1757</value>
      </symbol>
      <symbol id="sm-3db">
         <name>TA3_0_IRQHandler</name>
         <value>0x1757</value>
      </symbol>
      <symbol id="sm-3dc">
         <name>TA3_N_IRQHandler</name>
         <value>0x1757</value>
      </symbol>
      <symbol id="sm-3dd">
         <name>EUSCIA0_IRQHandler</name>
         <value>0x1d9</value>
      </symbol>
      <symbol id="sm-3de">
         <name>EUSCIA1_IRQHandler</name>
         <value>0x1757</value>
      </symbol>
      <symbol id="sm-3df">
         <name>EUSCIA2_IRQHandler</name>
         <value>0x35b</value>
      </symbol>
      <symbol id="sm-3e0">
         <name>EUSCIA3_IRQHandler</name>
         <value>0x1757</value>
      </symbol>
      <symbol id="sm-3e1">
         <name>EUSCIB0_IRQHandler</name>
         <value>0x1757</value>
      </symbol>
      <symbol id="sm-3e2">
         <name>EUSCIB1_IRQHandler</name>
         <value>0x1757</value>
      </symbol>
      <symbol id="sm-3e3">
         <name>EUSCIB2_IRQHandler</name>
         <value>0x1757</value>
      </symbol>
      <symbol id="sm-3e4">
         <name>EUSCIB3_IRQHandler</name>
         <value>0x1757</value>
      </symbol>
      <symbol id="sm-3e5">
         <name>ADC14_IRQHandler</name>
         <value>0x1103</value>
      </symbol>
      <symbol id="sm-3e6">
         <name>T32_INT1_IRQHandler</name>
         <value>0x1757</value>
      </symbol>
      <symbol id="sm-3e7">
         <name>T32_INT2_IRQHandler</name>
         <value>0x1757</value>
      </symbol>
      <symbol id="sm-3e8">
         <name>T32_INTC_IRQHandler</name>
         <value>0x1757</value>
      </symbol>
      <symbol id="sm-3e9">
         <name>AES256_IRQHandler</name>
         <value>0x1757</value>
      </symbol>
      <symbol id="sm-3ea">
         <name>RTC_C_IRQHandler</name>
         <value>0x1757</value>
      </symbol>
      <symbol id="sm-3eb">
         <name>DMA_ERR_IRQHandler</name>
         <value>0x1757</value>
      </symbol>
      <symbol id="sm-3ec">
         <name>DMA_INT3_IRQHandler</name>
         <value>0x1757</value>
      </symbol>
      <symbol id="sm-3ed">
         <name>DMA_INT2_IRQHandler</name>
         <value>0x1757</value>
      </symbol>
      <symbol id="sm-3ee">
         <name>DMA_INT1_IRQHandler</name>
         <value>0x1757</value>
      </symbol>
      <symbol id="sm-3ef">
         <name>DMA_INT0_IRQHandler</name>
         <value>0x1757</value>
      </symbol>
      <symbol id="sm-3f0">
         <name>PORT1_IRQHandler</name>
         <value>0x1757</value>
      </symbol>
      <symbol id="sm-3f1">
         <name>PORT2_IRQHandler</name>
         <value>0x1757</value>
      </symbol>
      <symbol id="sm-3f2">
         <name>PORT3_IRQHandler</name>
         <value>0xfa5</value>
      </symbol>
      <symbol id="sm-3f3">
         <name>PORT4_IRQHandler</name>
         <value>0x1757</value>
      </symbol>
      <symbol id="sm-3f4">
         <name>PORT5_IRQHandler</name>
         <value>0xfbb</value>
      </symbol>
      <symbol id="sm-3f5">
         <name>PORT6_IRQHandler</name>
         <value>0x1757</value>
      </symbol>
   </symbol_table>
   <title>Link successful</title>
</link_info>
